{
  "type": "Program",
  "range": [
    73,
    220
  ],
  "body": [
    {
      "type": "ExportNamedDeclaration",
      "range": [
        73,
        110
      ],
      "attributes": [],
      "declaration": {
        "type": "TSDeclareFunction",
        "async": false,
        "declare": false,
        "expression": false,
        "generator": false,
        "id": {
          "type": "Identifier",
          "decorators": [],
          "name": "f",
          "optional": false,
          "range": [
            89,
            90
          ],
          "loc": {
            "end": {
              "column": 17,
              "line": 3
            },
            "start": {
              "column": 16,
              "line": 3
            }
          }
        },
        "params": [
          {
            "type": "Identifier",
            "decorators": [],
            "name": "x",
            "optional": false,
            "typeAnnotation": {
              "type": "TSTypeAnnotation",
              "loc": {
                "end": {
                  "column": 27,
                  "line": 3
                },
                "start": {
                  "column": 19,
                  "line": 3
                }
              },
              "range": [
                92,
                100
              ],
              "typeAnnotation": {
                "type": "TSNumberKeyword",
                "range": [
                  94,
                  100
                ],
                "loc": {
                  "end": {
                    "column": 27,
                    "line": 3
                  },
                  "start": {
                    "column": 21,
                    "line": 3
                  }
                }
              }
            },
            "range": [
              91,
              100
            ],
            "loc": {
              "end": {
                "column": 27,
                "line": 3
              },
              "start": {
                "column": 18,
                "line": 3
              }
            }
          }
        ],
        "returnType": {
          "type": "TSTypeAnnotation",
          "loc": {
            "end": {
              "column": 36,
              "line": 3
            },
            "start": {
              "column": 28,
              "line": 3
            }
          },
          "range": [
            101,
            109
          ],
          "typeAnnotation": {
            "type": "TSNumberKeyword",
            "range": [
              103,
              109
            ],
            "loc": {
              "end": {
                "column": 36,
                "line": 3
              },
              "start": {
                "column": 30,
                "line": 3
              }
            }
          }
        },
        "range": [
          80,
          110
        ],
        "loc": {
          "end": {
            "column": 37,
            "line": 3
          },
          "start": {
            "column": 7,
            "line": 3
          }
        }
      },
      "exportKind": "value",
      "source": null,
      "specifiers": [],
      "loc": {
        "end": {
          "column": 37,
          "line": 3
        },
        "start": {
          "column": 0,
          "line": 3
        }
      }
    },
    {
      "type": "ExportNamedDeclaration",
      "range": [
        111,
        148
      ],
      "attributes": [],
      "declaration": {
        "type": "TSDeclareFunction",
        "async": false,
        "declare": false,
        "expression": false,
        "generator": false,
        "id": {
          "type": "Identifier",
          "decorators": [],
          "name": "f",
          "optional": false,
          "range": [
            127,
            128
          ],
          "loc": {
            "end": {
              "column": 17,
              "line": 4
            },
            "start": {
              "column": 16,
              "line": 4
            }
          }
        },
        "params": [
          {
            "type": "Identifier",
            "decorators": [],
            "name": "x",
            "optional": false,
            "typeAnnotation": {
              "type": "TSTypeAnnotation",
              "loc": {
                "end": {
                  "column": 27,
                  "line": 4
                },
                "start": {
                  "column": 19,
                  "line": 4
                }
              },
              "range": [
                130,
                138
              ],
              "typeAnnotation": {
                "type": "TSStringKeyword",
                "range": [
                  132,
                  138
                ],
                "loc": {
                  "end": {
                    "column": 27,
                    "line": 4
                  },
                  "start": {
                    "column": 21,
                    "line": 4
                  }
                }
              }
            },
            "range": [
              129,
              138
            ],
            "loc": {
              "end": {
                "column": 27,
                "line": 4
              },
              "start": {
                "column": 18,
                "line": 4
              }
            }
          }
        ],
        "returnType": {
          "type": "TSTypeAnnotation",
          "loc": {
            "end": {
              "column": 36,
              "line": 4
            },
            "start": {
              "column": 28,
              "line": 4
            }
          },
          "range": [
            139,
            147
          ],
          "typeAnnotation": {
            "type": "TSStringKeyword",
            "range": [
              141,
              147
            ],
            "loc": {
              "end": {
                "column": 36,
                "line": 4
              },
              "start": {
                "column": 30,
                "line": 4
              }
            }
          }
        },
        "range": [
          118,
          148
        ],
        "loc": {
          "end": {
            "column": 37,
            "line": 4
          },
          "start": {
            "column": 7,
            "line": 4
          }
        }
      },
      "exportKind": "value",
      "source": null,
      "specifiers": [],
      "loc": {
        "end": {
          "column": 37,
          "line": 4
        },
        "start": {
          "column": 0,
          "line": 4
        }
      }
    },
    {
      "type": "ExportNamedDeclaration",
      "range": [
        149,
        219
      ],
      "attributes": [],
      "declaration": {
        "type": "FunctionDeclaration",
        "async": false,
        "body": {
          "type": "BlockStatement",
          "body": [
            {
              "type": "ReturnStatement",
              "argument": {
                "type": "Identifier",
                "decorators": [],
                "name": "x",
                "optional": false,
                "range": [
                  215,
                  216
                ],
                "loc": {
                  "end": {
                    "column": 10,
                    "line": 6
                  },
                  "start": {
                    "column": 9,
                    "line": 6
                  }
                }
              },
              "range": [
                208,
                217
              ],
              "loc": {
                "end": {
                  "column": 11,
                  "line": 6
                },
                "start": {
                  "column": 2,
                  "line": 6
                }
              }
            }
          ],
          "range": [
            204,
            219
          ],
          "loc": {
            "end": {
              "column": 1,
              "line": 7
            },
            "start": {
              "column": 55,
              "line": 5
            }
          }
        },
        "declare": false,
        "expression": false,
        "generator": false,
        "id": {
          "type": "Identifier",
          "decorators": [],
          "name": "f",
          "optional": false,
          "range": [
            165,
            166
          ],
          "loc": {
            "end": {
              "column": 17,
              "line": 5
            },
            "start": {
              "column": 16,
              "line": 5
            }
          }
        },
        "params": [
          {
            "type": "Identifier",
            "decorators": [],
            "name": "x",
            "optional": false,
            "typeAnnotation": {
              "type": "TSTypeAnnotation",
              "loc": {
                "end": {
                  "column": 36,
                  "line": 5
                },
                "start": {
                  "column": 19,
                  "line": 5
                }
              },
              "range": [
                168,
                185
              ],
              "typeAnnotation": {
                "type": "TSUnionType",
                "types": [
                  {
                    "type": "TSStringKeyword",
                    "range": [
                      170,
                      176
                    ],
                    "loc": {
                      "end": {
                        "column": 27,
                        "line": 5
                      },
                      "start": {
                        "column": 21,
                        "line": 5
                      }
                    }
                  },
                  {
                    "type": "TSNumberKeyword",
                    "range": [
                      179,
                      185
                    ],
                    "loc": {
                      "end": {
                        "column": 36,
                        "line": 5
                      },
                      "start": {
                        "column": 30,
                        "line": 5
                      }
                    }
                  }
                ],
                "range": [
                  170,
                  185
                ],
                "loc": {
                  "end": {
                    "column": 36,
                    "line": 5
                  },
                  "start": {
                    "column": 21,
                    "line": 5
                  }
                }
              }
            },
            "range": [
              167,
              185
            ],
            "loc": {
              "end": {
                "column": 36,
                "line": 5
              },
              "start": {
                "column": 18,
                "line": 5
              }
            }
          }
        ],
        "returnType": {
          "type": "TSTypeAnnotation",
          "loc": {
            "end": {
              "column": 54,
              "line": 5
            },
            "start": {
              "column": 37,
              "line": 5
            }
          },
          "range": [
            186,
            203
          ],
          "typeAnnotation": {
            "type": "TSUnionType",
            "types": [
              {
                "type": "TSStringKeyword",
                "range": [
                  188,
                  194
                ],
                "loc": {
                  "end": {
                    "column": 45,
                    "line": 5
                  },
                  "start": {
                    "column": 39,
                    "line": 5
                  }
                }
              },
              {
                "type": "TSNumberKeyword",
                "range": [
                  197,
                  203
                ],
                "loc": {
                  "end": {
                    "column": 54,
                    "line": 5
                  },
                  "start": {
                    "column": 48,
                    "line": 5
                  }
                }
              }
            ],
            "range": [
              188,
              203
            ],
            "loc": {
              "end": {
                "column": 54,
                "line": 5
              },
              "start": {
                "column": 39,
                "line": 5
              }
            }
          }
        },
        "range": [
          156,
          219
        ],
        "loc": {
          "end": {
            "column": 1,
            "line": 7
          },
          "start": {
            "column": 7,
            "line": 5
          }
        }
      },
      "exportKind": "value",
      "source": null,
      "specifiers": [],
      "loc": {
        "end": {
          "column": 1,
          "line": 7
        },
        "start": {
          "column": 0,
          "line": 5
        }
      }
    }
  ],
  "sourceType": "module",
  "loc": {
    "end": {
      "column": 0,
      "line": 8
    },
    "start": {
      "column": 0,
      "line": 3
    }
  }
}