{
  "type": "Program",
  "range": [
    0,
    31
  ],
  "body": [
    {
      "type": "ExpressionStatement",
      "expression": {
        "type": "TSSatisfiesExpression",
        "expression": {
          "type": "BinaryExpression",
          "operator": "===",
          "left": {
            "type": "Identifier",
            "decorators": [],
            "name": "foo",
            "optional": false,
            "range": [
              1,
              4
            ],
            "loc": {
              "end": {
                "column": 4,
                "line": 1
              },
              "start": {
                "column": 1,
                "line": 1
              }
            }
          },
          "right": {
            "type": "Literal",
            "raw": "1",
            "value": 1,
            "range": [
              9,
              10
            ],
            "loc": {
              "end": {
                "column": 10,
                "line": 1
              },
              "start": {
                "column": 9,
                "line": 1
              }
            }
          },
          "range": [
            1,
            10
          ],
          "loc": {
            "end": {
              "column": 10,
              "line": 1
            },
            "start": {
              "column": 1,
              "line": 1
            }
          }
        },
        "typeAnnotation": {
          "type": "TSBooleanKeyword",
          "range": [
            22,
            29
          ],
          "loc": {
            "end": {
              "column": 29,
              "line": 1
            },
            "start": {
              "column": 22,
              "line": 1
            }
          }
        },
        "range": [
          0,
          29
        ],
        "loc": {
          "end": {
            "column": 29,
            "line": 1
          },
          "start": {
            "column": 0,
            "line": 1
          }
        }
      },
      "range": [
        0,
        30
      ],
      "loc": {
        "end": {
          "column": 30,
          "line": 1
        },
        "start": {
          "column": 0,
          "line": 1
        }
      }
    }
  ],
  "sourceType": "script",
  "loc": {
    "end": {
      "column": 0,
      "line": 2
    },
    "start": {
      "column": 0,
      "line": 1
    }
  }
}