{
  "type": "Program",
  "range": [
    73,
    98
  ],
  "body": [
    {
      "type": "ExpressionStatement",
      "expression": {
        "type": "CallExpression",
        "arguments": [],
        "callee": {
          "type": "Identifier",
          "decorators": [],
          "name": "foo",
          "optional": false,
          "range": [
            73,
            76
          ],
          "loc": {
            "end": {
              "column": 3,
              "line": 3
            },
            "start": {
              "column": 0,
              "line": 3
            }
          }
        },
        "optional": false,
        "typeArguments": {
          "type": "TSTypeParameterInstantiation",
          "range": [
            76,
            79
          ],
          "params": [
            {
              "type": "TSTypeReference",
              "typeName": {
                "type": "Identifier",
                "decorators": [],
                "name": "A",
                "optional": false,
                "range": [
                  77,
                  78
                ],
                "loc": {
                  "end": {
                    "column": 5,
                    "line": 3
                  },
                  "start": {
                    "column": 4,
                    "line": 3
                  }
                }
              },
              "range": [
                77,
                78
              ],
              "loc": {
                "end": {
                  "column": 5,
                  "line": 3
                },
                "start": {
                  "column": 4,
                  "line": 3
                }
              }
            }
          ],
          "loc": {
            "end": {
              "column": 6,
              "line": 3
            },
            "start": {
              "column": 3,
              "line": 3
            }
          }
        },
        "range": [
          73,
          81
        ],
        "loc": {
          "end": {
            "column": 8,
            "line": 3
          },
          "start": {
            "column": 0,
            "line": 3
          }
        }
      },
      "range": [
        73,
        82
      ],
      "loc": {
        "end": {
          "column": 9,
          "line": 3
        },
        "start": {
          "column": 0,
          "line": 3
        }
      }
    },
    {
      "type": "ExpressionStatement",
      "expression": {
        "type": "CallExpression",
        "arguments": [],
        "callee": {
          "type": "Identifier",
          "decorators": [],
          "name": "foo",
          "optional": false,
          "range": [
            83,
            86
          ],
          "loc": {
            "end": {
              "column": 3,
              "line": 4
            },
            "start": {
              "column": 0,
              "line": 4
            }
          }
        },
        "optional": false,
        "typeArguments": {
          "type": "TSTypeParameterInstantiation",
          "range": [
            86,
            94
          ],
          "params": [
            {
              "type": "TSNumberKeyword",
              "range": [
                87,
                93
              ],
              "loc": {
                "end": {
                  "column": 10,
                  "line": 4
                },
                "start": {
                  "column": 4,
                  "line": 4
                }
              }
            }
          ],
          "loc": {
            "end": {
              "column": 11,
              "line": 4
            },
            "start": {
              "column": 3,
              "line": 4
            }
          }
        },
        "range": [
          83,
          96
        ],
        "loc": {
          "end": {
            "column": 13,
            "line": 4
          },
          "start": {
            "column": 0,
            "line": 4
          }
        }
      },
      "range": [
        83,
        97
      ],
      "loc": {
        "end": {
          "column": 14,
          "line": 4
        },
        "start": {
          "column": 0,
          "line": 4
        }
      }
    }
  ],
  "sourceType": "script",
  "loc": {
    "end": {
      "column": 0,
      "line": 5
    },
    "start": {
      "column": 0,
      "line": 3
    }
  }
}