{
  "type": "Program",
  "range": [
    73,
    164
  ],
  "body": [
    {
      "type": "FunctionDeclaration",
      "async": true,
      "body": {
        "type": "BlockStatement",
        "body": [
          {
            "type": "VariableDeclaration",
            "declarations": [
              {
                "type": "VariableDeclarator",
                "definite": false,
                "id": {
                  "type": "Identifier",
                  "decorators": [],
                  "name": "foo",
                  "optional": false,
                  "range": [
                    103,
                    106
                  ],
                  "loc": {
                    "end": {
                      "column": 9,
                      "line": 4
                    },
                    "start": {
                      "column": 6,
                      "line": 4
                    }
                  }
                },
                "init": {
                  "type": "Literal",
                  "raw": "'foo'",
                  "value": "foo",
                  "range": [
                    109,
                    114
                  ],
                  "loc": {
                    "end": {
                      "column": 17,
                      "line": 4
                    },
                    "start": {
                      "column": 12,
                      "line": 4
                    }
                  }
                },
                "range": [
                  103,
                  114
                ],
                "loc": {
                  "end": {
                    "column": 17,
                    "line": 4
                  },
                  "start": {
                    "column": 6,
                    "line": 4
                  }
                }
              }
            ],
            "declare": false,
            "kind": "var",
            "range": [
              99,
              115
            ],
            "loc": {
              "end": {
                "column": 18,
                "line": 4
              },
              "start": {
                "column": 2,
                "line": 4
              }
            }
          },
          {
            "type": "VariableDeclaration",
            "declarations": [
              {
                "type": "VariableDeclarator",
                "definite": false,
                "id": {
                  "type": "Identifier",
                  "decorators": [],
                  "name": "bar",
                  "optional": false,
                  "range": [
                    122,
                    125
                  ],
                  "loc": {
                    "end": {
                      "column": 9,
                      "line": 5
                    },
                    "start": {
                      "column": 6,
                      "line": 5
                    }
                  }
                },
                "init": {
                  "type": "Literal",
                  "raw": "'bar'",
                  "value": "bar",
                  "range": [
                    128,
                    133
                  ],
                  "loc": {
                    "end": {
                      "column": 17,
                      "line": 5
                    },
                    "start": {
                      "column": 12,
                      "line": 5
                    }
                  }
                },
                "range": [
                  122,
                  133
                ],
                "loc": {
                  "end": {
                    "column": 17,
                    "line": 5
                  },
                  "start": {
                    "column": 6,
                    "line": 5
                  }
                }
              }
            ],
            "declare": false,
            "kind": "let",
            "range": [
              118,
              134
            ],
            "loc": {
              "end": {
                "column": 18,
                "line": 5
              },
              "start": {
                "column": 2,
                "line": 5
              }
            }
          },
          {
            "type": "VariableDeclaration",
            "declarations": [
              {
                "type": "VariableDeclarator",
                "definite": false,
                "id": {
                  "type": "Identifier",
                  "decorators": [],
                  "name": "fooBar",
                  "optional": false,
                  "range": [
                    143,
                    149
                  ],
                  "loc": {
                    "end": {
                      "column": 14,
                      "line": 6
                    },
                    "start": {
                      "column": 8,
                      "line": 6
                    }
                  }
                },
                "init": {
                  "type": "Literal",
                  "raw": "'fooBar'",
                  "value": "fooBar",
                  "range": [
                    152,
                    160
                  ],
                  "loc": {
                    "end": {
                      "column": 25,
                      "line": 6
                    },
                    "start": {
                      "column": 17,
                      "line": 6
                    }
                  }
                },
                "range": [
                  143,
                  160
                ],
                "loc": {
                  "end": {
                    "column": 25,
                    "line": 6
                  },
                  "start": {
                    "column": 8,
                    "line": 6
                  }
                }
              }
            ],
            "declare": false,
            "kind": "const",
            "range": [
              137,
              161
            ],
            "loc": {
              "end": {
                "column": 26,
                "line": 6
              },
              "start": {
                "column": 2,
                "line": 6
              }
            }
          }
        ],
        "range": [
          95,
          163
        ],
        "loc": {
          "end": {
            "column": 1,
            "line": 7
          },
          "start": {
            "column": 22,
            "line": 3
          }
        }
      },
      "declare": false,
      "expression": false,
      "generator": false,
      "id": {
        "type": "Identifier",
        "decorators": [],
        "name": "test",
        "optional": false,
        "range": [
          88,
          92
        ],
        "loc": {
          "end": {
            "column": 19,
            "line": 3
          },
          "start": {
            "column": 15,
            "line": 3
          }
        }
      },
      "params": [],
      "range": [
        73,
        163
      ],
      "loc": {
        "end": {
          "column": 1,
          "line": 7
        },
        "start": {
          "column": 0,
          "line": 3
        }
      }
    }
  ],
  "sourceType": "script",
  "loc": {
    "end": {
      "column": 0,
      "line": 8
    },
    "start": {
      "column": 0,
      "line": 3
    }
  }
}