[
  {
    "type": "Keyword",
    "loc": {
      "end": {
        "column": 9,
        "line": 3
      },
      "start": {
        "column": 0,
        "line": 3
      }
    },
    "range": [
      73,
      82
    ],
    "value": "interface"
  },
  {
    "type": "Identifier",
    "loc": {
      "end": {
        "column": 13,
        "line": 3
      },
      "start": {
        "column": 10,
        "line": 3
      }
    },
    "range": [
      83,
      86
    ],
    "value": "Foo"
  },
  {
    "type": "Punctuator",
    "loc": {
      "end": {
        "column": 14,
        "line": 3
      },
      "start": {
        "column": 13,
        "line": 3
      }
    },
    "range": [
      86,
      87
    ],
    "value": "<"
  },
  {
    "type": "Identifier",
    "loc": {
      "end": {
        "column": 15,
        "line": 3
      },
      "start": {
        "column": 14,
        "line": 3
      }
    },
    "range": [
      87,
      88
    ],
    "value": "T"
  },
  {
    "type": "Punctuator",
    "loc": {
      "end": {
        "column": 16,
        "line": 3
      },
      "start": {
        "column": 15,
        "line": 3
      }
    },
    "range": [
      88,
      89
    ],
    "value": ">"
  },
  {
    "type": "Punctuator",
    "loc": {
      "end": {
        "column": 18,
        "line": 3
      },
      "start": {
        "column": 17,
        "line": 3
      }
    },
    "range": [
      90,
      91
    ],
    "value": "{"
  },
  {
    "type": "Punctuator",
    "loc": {
      "end": {
        "column": 19,
        "line": 3
      },
      "start": {
        "column": 18,
        "line": 3
      }
    },
    "range": [
      91,
      92
    ],
    "value": "}"
  }
]