[
  {
    "type": "Keyword",
    "loc": {
      "end": {
        "column": 3,
        "line": 1
      },
      "start": {
        "column": 0,
        "line": 1
      }
    },
    "range": [
      0,
      3
    ],
    "value": "var"
  },
  {
    "type": "Punctuator",
    "loc": {
      "end": {
        "column": 5,
        "line": 1
      },
      "start": {
        "column": 4,
        "line": 1
      }
    },
    "range": [
      4,
      5
    ],
    "value": "{"
  },
  {
    "type": "Identifier",
    "loc": {
      "end": {
        "column": 9,
        "line": 1
      },
      "start": {
        "column": 6,
        "line": 1
      }
    },
    "range": [
      6,
      9
    ],
    "value": "foo"
  },
  {
    "type": "Punctuator",
    "loc": {
      "end": {
        "column": 11,
        "line": 1
      },
      "start": {
        "column": 10,
        "line": 1
      }
    },
    "range": [
      10,
      11
    ],
    "value": "}"
  },
  {
    "type": "Punctuator",
    "loc": {
      "end": {
        "column": 12,
        "line": 1
      },
      "start": {
        "column": 11,
        "line": 1
      }
    },
    "range": [
      11,
      12
    ],
    "value": ":"
  },
  {
    "type": "Identifier",
    "loc": {
      "end": {
        "column": 16,
        "line": 1
      },
      "start": {
        "column": 13,
        "line": 1
      }
    },
    "range": [
      13,
      16
    ],
    "value": "any"
  },
  {
    "type": "Punctuator",
    "loc": {
      "end": {
        "column": 18,
        "line": 1
      },
      "start": {
        "column": 17,
        "line": 1
      }
    },
    "range": [
      17,
      18
    ],
    "value": "="
  },
  {
    "type": "Numeric",
    "loc": {
      "end": {
        "column": 20,
        "line": 1
      },
      "start": {
        "column": 19,
        "line": 1
      }
    },
    "range": [
      19,
      20
    ],
    "value": "1"
  },
  {
    "type": "Punctuator",
    "loc": {
      "end": {
        "column": 21,
        "line": 1
      },
      "start": {
        "column": 20,
        "line": 1
      }
    },
    "range": [
      20,
      21
    ],
    "value": ";"
  }
]