[
  {
    "type": "Identifier",
    "loc": {
      "end": {
        "column": 7,
        "line": 1
      },
      "start": {
        "column": 0,
        "line": 1
      }
    },
    "range": [
      0,
      7
    ],
    "value": "declare"
  },
  {
    "type": "Keyword",
    "loc": {
      "end": {
        "column": 12,
        "line": 1
      },
      "start": {
        "column": 8,
        "line": 1
      }
    },
    "range": [
      8,
      12
    ],
    "value": "enum"
  },
  {
    "type": "Identifier",
    "loc": {
      "end": {
        "column": 16,
        "line": 1
      },
      "start": {
        "column": 13,
        "line": 1
      }
    },
    "range": [
      13,
      16
    ],
    "value": "Foo"
  },
  {
    "type": "Punctuator",
    "loc": {
      "end": {
        "column": 18,
        "line": 1
      },
      "start": {
        "column": 17,
        "line": 1
      }
    },
    "range": [
      17,
      18
    ],
    "value": "{"
  },
  {
    "type": "Punctuator",
    "loc": {
      "end": {
        "column": 19,
        "line": 1
      },
      "start": {
        "column": 18,
        "line": 1
      }
    },
    "range": [
      18,
      19
    ],
    "value": "}"
  }
]