[
  {
    "type": "Keyword",
    "loc": {
      "end": {
        "column": 9,
        "line": 3
      },
      "start": {
        "column": 0,
        "line": 3
      }
    },
    "range": [
      73,
      82
    ],
    "value": "interface"
  },
  {
    "type": "Identifier",
    "loc": {
      "end": {
        "column": 13,
        "line": 3
      },
      "start": {
        "column": 10,
        "line": 3
      }
    },
    "range": [
      83,
      86
    ],
    "value": "Foo"
  },
  {
    "type": "Keyword",
    "loc": {
      "end": {
        "column": 21,
        "line": 3
      },
      "start": {
        "column": 14,
        "line": 3
      }
    },
    "range": [
      87,
      94
    ],
    "value": "extends"
  },
  {
    "type": "Identifier",
    "loc": {
      "end": {
        "column": 25,
        "line": 3
      },
      "start": {
        "column": 22,
        "line": 3
      }
    },
    "range": [
      95,
      98
    ],
    "value": "Bar"
  },
  {
    "type": "Punctuator",
    "loc": {
      "end": {
        "column": 27,
        "line": 3
      },
      "start": {
        "column": 26,
        "line": 3
      }
    },
    "range": [
      99,
      100
    ],
    "value": "{"
  },
  {
    "type": "Punctuator",
    "loc": {
      "end": {
        "column": 28,
        "line": 3
      },
      "start": {
        "column": 27,
        "line": 3
      }
    },
    "range": [
      100,
      101
    ],
    "value": "}"
  }
]