{
  "type": "Program",
  "range": [
    0,
    25
  ],
  "body": [
    {
      "type": "ExportAllDeclaration",
      "attributes": [],
      "exported": {
        "type": "Literal",
        "raw": "\"a\"",
        "value": "a",
        "range": [
          10,
          13
        ],
        "loc": {
          "end": {
            "column": 13,
            "line": 1
          },
          "start": {
            "column": 10,
            "line": 1
          }
        }
      },
      "exportKind": "value",
      "source": {
        "type": "Literal",
        "raw": "\"foo\"",
        "value": "foo",
        "range": [
          19,
          24
        ],
        "loc": {
          "end": {
            "column": 24,
            "line": 1
          },
          "start": {
            "column": 19,
            "line": 1
          }
        }
      },
      "range": [
        0,
        24
      ],
      "loc": {
        "end": {
          "column": 24,
          "line": 1
        },
        "start": {
          "column": 0,
          "line": 1
        }
      }
    }
  ],
  "sourceType": "module",
  "loc": {
    "end": {
      "column": 0,
      "line": 2
    },
    "start": {
      "column": 0,
      "line": 1
    }
  }
}