{
  "type": "Program",
  "range": [
    0,
    17
  ],
  "body": [
    {
      "type": "ExportNamedDeclaration",
      "attributes": [],
      "declaration": null,
      "exportKind": "value",
      "source": null,
      "specifiers": [
        {
          "type": "ExportSpecifier",
          "exported": {
            "type": "Identifier",
            "decorators": [],
            "name": "a",
            "optional": false,
            "range": [
              9,
              10
            ],
            "loc": {
              "end": {
                "column": 10,
                "line": 1
              },
              "start": {
                "column": 9,
                "line": 1
              }
            }
          },
          "exportKind": "value",
          "local": {
            "type": "Identifier",
            "decorators": [],
            "name": "a",
            "optional": false,
            "range": [
              9,
              10
            ],
            "loc": {
              "end": {
                "column": 10,
                "line": 1
              },
              "start": {
                "column": 9,
                "line": 1
              }
            }
          },
          "range": [
            9,
            10
          ],
          "loc": {
            "end": {
              "column": 10,
              "line": 1
            },
            "start": {
              "column": 9,
              "line": 1
            }
          }
        },
        {
          "type": "ExportSpecifier",
          "exported": {
            "type": "Identifier",
            "decorators": [],
            "name": "b",
            "optional": false,
            "range": [
              12,
              13
            ],
            "loc": {
              "end": {
                "column": 13,
                "line": 1
              },
              "start": {
                "column": 12,
                "line": 1
              }
            }
          },
          "exportKind": "value",
          "local": {
            "type": "Identifier",
            "decorators": [],
            "name": "b",
            "optional": false,
            "range": [
              12,
              13
            ],
            "loc": {
              "end": {
                "column": 13,
                "line": 1
              },
              "start": {
                "column": 12,
                "line": 1
              }
            }
          },
          "range": [
            12,
            13
          ],
          "loc": {
            "end": {
              "column": 13,
              "line": 1
            },
            "start": {
              "column": 12,
              "line": 1
            }
          }
        }
      ],
      "range": [
        0,
        16
      ],
      "loc": {
        "end": {
          "column": 16,
          "line": 1
        },
        "start": {
          "column": 0,
          "line": 1
        }
      }
    }
  ],
  "sourceType": "module",
  "loc": {
    "end": {
      "column": 0,
      "line": 2
    },
    "start": {
      "column": 0,
      "line": 1
    }
  }
}