[
  {
    "type": "Identifier",
    "loc": {
      "end": {
        "column": 4,
        "line": 3
      },
      "start": {
        "column": 0,
        "line": 3
      }
    },
    "range": [
      73,
      77
    ],
    "value": "type"
  },
  {
    "type": "Identifier",
    "loc": {
      "end": {
        "column": 8,
        "line": 3
      },
      "start": {
        "column": 5,
        "line": 3
      }
    },
    "range": [
      78,
      81
    ],
    "value": "Foo"
  },
  {
    "type": "Punctuator",
    "loc": {
      "end": {
        "column": 10,
        "line": 3
      },
      "start": {
        "column": 9,
        "line": 3
      }
    },
    "range": [
      82,
      83
    ],
    "value": "="
  },
  {
    "type": "Punctuator",
    "loc": {
      "end": {
        "column": 12,
        "line": 3
      },
      "start": {
        "column": 11,
        "line": 3
      }
    },
    "range": [
      84,
      85
    ],
    "value": "{"
  },
  {
    "type": "Identifier",
    "loc": {
      "end": {
        "column": 3,
        "line": 4
      },
      "start": {
        "column": 2,
        "line": 4
      }
    },
    "range": [
      88,
      89
    ],
    "value": "h"
  },
  {
    "type": "Punctuator",
    "loc": {
      "end": {
        "column": 4,
        "line": 4
      },
      "start": {
        "column": 3,
        "line": 4
      }
    },
    "range": [
      89,
      90
    ],
    "value": "("
  },
  {
    "type": "Identifier",
    "loc": {
      "end": {
        "column": 7,
        "line": 4
      },
      "start": {
        "column": 4,
        "line": 4
      }
    },
    "range": [
      90,
      93
    ],
    "value": "bar"
  },
  {
    "type": "Punctuator",
    "loc": {
      "end": {
        "column": 8,
        "line": 4
      },
      "start": {
        "column": 7,
        "line": 4
      }
    },
    "range": [
      93,
      94
    ],
    "value": ":"
  },
  {
    "type": "Identifier",
    "loc": {
      "end": {
        "column": 15,
        "line": 4
      },
      "start": {
        "column": 9,
        "line": 4
      }
    },
    "range": [
      95,
      101
    ],
    "value": "string"
  },
  {
    "type": "Punctuator",
    "loc": {
      "end": {
        "column": 16,
        "line": 4
      },
      "start": {
        "column": 15,
        "line": 4
      }
    },
    "range": [
      101,
      102
    ],
    "value": ")"
  },
  {
    "type": "Punctuator",
    "loc": {
      "end": {
        "column": 17,
        "line": 4
      },
      "start": {
        "column": 16,
        "line": 4
      }
    },
    "range": [
      102,
      103
    ],
    "value": ":"
  },
  {
    "type": "Keyword",
    "loc": {
      "end": {
        "column": 22,
        "line": 4
      },
      "start": {
        "column": 18,
        "line": 4
      }
    },
    "range": [
      104,
      108
    ],
    "value": "void"
  },
  {
    "type": "Punctuator",
    "loc": {
      "end": {
        "column": 23,
        "line": 4
      },
      "start": {
        "column": 22,
        "line": 4
      }
    },
    "range": [
      108,
      109
    ],
    "value": ";"
  },
  {
    "type": "Identifier",
    "loc": {
      "end": {
        "column": 3,
        "line": 5
      },
      "start": {
        "column": 2,
        "line": 5
      }
    },
    "range": [
      112,
      113
    ],
    "value": "g"
  },
  {
    "type": "Punctuator",
    "loc": {
      "end": {
        "column": 4,
        "line": 5
      },
      "start": {
        "column": 3,
        "line": 5
      }
    },
    "range": [
      113,
      114
    ],
    "value": "<"
  },
  {
    "type": "Identifier",
    "loc": {
      "end": {
        "column": 5,
        "line": 5
      },
      "start": {
        "column": 4,
        "line": 5
      }
    },
    "range": [
      114,
      115
    ],
    "value": "T"
  },
  {
    "type": "Punctuator",
    "loc": {
      "end": {
        "column": 6,
        "line": 5
      },
      "start": {
        "column": 5,
        "line": 5
      }
    },
    "range": [
      115,
      116
    ],
    "value": ">"
  },
  {
    "type": "Punctuator",
    "loc": {
      "end": {
        "column": 7,
        "line": 5
      },
      "start": {
        "column": 6,
        "line": 5
      }
    },
    "range": [
      116,
      117
    ],
    "value": "("
  },
  {
    "type": "Identifier",
    "loc": {
      "end": {
        "column": 10,
        "line": 5
      },
      "start": {
        "column": 7,
        "line": 5
      }
    },
    "range": [
      117,
      120
    ],
    "value": "bar"
  },
  {
    "type": "Punctuator",
    "loc": {
      "end": {
        "column": 11,
        "line": 5
      },
      "start": {
        "column": 10,
        "line": 5
      }
    },
    "range": [
      120,
      121
    ],
    "value": ":"
  },
  {
    "type": "Identifier",
    "loc": {
      "end": {
        "column": 13,
        "line": 5
      },
      "start": {
        "column": 12,
        "line": 5
      }
    },
    "range": [
      122,
      123
    ],
    "value": "T"
  },
  {
    "type": "Punctuator",
    "loc": {
      "end": {
        "column": 14,
        "line": 5
      },
      "start": {
        "column": 13,
        "line": 5
      }
    },
    "range": [
      123,
      124
    ],
    "value": ")"
  },
  {
    "type": "Punctuator",
    "loc": {
      "end": {
        "column": 15,
        "line": 5
      },
      "start": {
        "column": 14,
        "line": 5
      }
    },
    "range": [
      124,
      125
    ],
    "value": ":"
  },
  {
    "type": "Identifier",
    "loc": {
      "end": {
        "column": 17,
        "line": 5
      },
      "start": {
        "column": 16,
        "line": 5
      }
    },
    "range": [
      126,
      127
    ],
    "value": "T"
  },
  {
    "type": "Punctuator",
    "loc": {
      "end": {
        "column": 18,
        "line": 5
      },
      "start": {
        "column": 17,
        "line": 5
      }
    },
    "range": [
      127,
      128
    ],
    "value": ";"
  },
  {
    "type": "Punctuator",
    "loc": {
      "end": {
        "column": 1,
        "line": 6
      },
      "start": {
        "column": 0,
        "line": 6
      }
    },
    "range": [
      129,
      130
    ],
    "value": "}"
  },
  {
    "type": "Punctuator",
    "loc": {
      "end": {
        "column": 2,
        "line": 6
      },
      "start": {
        "column": 1,
        "line": 6
      }
    },
    "range": [
      130,
      131
    ],
    "value": ";"
  }
]