[
  {
    "type": "Keyword",
    "loc": {
      "end": {
        "column": 3,
        "line": 3
      },
      "start": {
        "column": 0,
        "line": 3
      }
    },
    "range": [
      73,
      76
    ],
    "value": "let"
  },
  {
    "type": "Identifier",
    "loc": {
      "end": {
        "column": 5,
        "line": 3
      },
      "start": {
        "column": 4,
        "line": 3
      }
    },
    "range": [
      77,
      78
    ],
    "value": "x"
  },
  {
    "type": "Punctuator",
    "loc": {
      "end": {
        "column": 6,
        "line": 3
      },
      "start": {
        "column": 5,
        "line": 3
      }
    },
    "range": [
      78,
      79
    ],
    "value": ":"
  },
  {
    "type": "Punctuator",
    "loc": {
      "end": {
        "column": 8,
        "line": 3
      },
      "start": {
        "column": 7,
        "line": 3
      }
    },
    "range": [
      80,
      81
    ],
    "value": "["
  },
  {
    "type": "Identifier",
    "loc": {
      "end": {
        "column": 9,
        "line": 3
      },
      "start": {
        "column": 8,
        "line": 3
      }
    },
    "range": [
      81,
      82
    ],
    "value": "a"
  },
  {
    "type": "Punctuator",
    "loc": {
      "end": {
        "column": 10,
        "line": 3
      },
      "start": {
        "column": 9,
        "line": 3
      }
    },
    "range": [
      82,
      83
    ],
    "value": ":"
  },
  {
    "type": "Identifier",
    "loc": {
      "end": {
        "column": 17,
        "line": 3
      },
      "start": {
        "column": 11,
        "line": 3
      }
    },
    "range": [
      84,
      90
    ],
    "value": "string"
  },
  {
    "type": "Punctuator",
    "loc": {
      "end": {
        "column": 18,
        "line": 3
      },
      "start": {
        "column": 17,
        "line": 3
      }
    },
    "range": [
      90,
      91
    ],
    "value": ","
  },
  {
    "type": "Punctuator",
    "loc": {
      "end": {
        "column": 22,
        "line": 3
      },
      "start": {
        "column": 19,
        "line": 3
      }
    },
    "range": [
      92,
      95
    ],
    "value": "..."
  },
  {
    "type": "Identifier",
    "loc": {
      "end": {
        "column": 23,
        "line": 3
      },
      "start": {
        "column": 22,
        "line": 3
      }
    },
    "range": [
      95,
      96
    ],
    "value": "b"
  },
  {
    "type": "Punctuator",
    "loc": {
      "end": {
        "column": 24,
        "line": 3
      },
      "start": {
        "column": 23,
        "line": 3
      }
    },
    "range": [
      96,
      97
    ],
    "value": ":"
  },
  {
    "type": "Identifier",
    "loc": {
      "end": {
        "column": 31,
        "line": 3
      },
      "start": {
        "column": 25,
        "line": 3
      }
    },
    "range": [
      98,
      104
    ],
    "value": "number"
  },
  {
    "type": "Punctuator",
    "loc": {
      "end": {
        "column": 32,
        "line": 3
      },
      "start": {
        "column": 31,
        "line": 3
      }
    },
    "range": [
      104,
      105
    ],
    "value": "["
  },
  {
    "type": "Punctuator",
    "loc": {
      "end": {
        "column": 33,
        "line": 3
      },
      "start": {
        "column": 32,
        "line": 3
      }
    },
    "range": [
      105,
      106
    ],
    "value": "]"
  },
  {
    "type": "Punctuator",
    "loc": {
      "end": {
        "column": 34,
        "line": 3
      },
      "start": {
        "column": 33,
        "line": 3
      }
    },
    "range": [
      106,
      107
    ],
    "value": "]"
  },
  {
    "type": "Punctuator",
    "loc": {
      "end": {
        "column": 35,
        "line": 3
      },
      "start": {
        "column": 34,
        "line": 3
      }
    },
    "range": [
      107,
      108
    ],
    "value": ";"
  }
]