{
  "type": "Program",
  "range": [
    73,
    105
  ],
  "body": [
    {
      "type": "ExportNamedDeclaration",
      "attributes": [],
      "declaration": null,
      "exportKind": "type",
      "source": {
        "type": "Literal",
        "raw": "'bar'",
        "value": "bar",
        "range": [
          98,
          103
        ],
        "loc": {
          "end": {
            "column": 30,
            "line": 3
          },
          "start": {
            "column": 25,
            "line": 3
          }
        }
      },
      "specifiers": [
        {
          "type": "ExportSpecifier",
          "exported": {
            "type": "Identifier",
            "decorators": [],
            "name": "foo",
            "optional": false,
            "range": [
              87,
              90
            ],
            "loc": {
              "end": {
                "column": 17,
                "line": 3
              },
              "start": {
                "column": 14,
                "line": 3
              }
            }
          },
          "exportKind": "value",
          "local": {
            "type": "Identifier",
            "decorators": [],
            "name": "foo",
            "optional": false,
            "range": [
              87,
              90
            ],
            "loc": {
              "end": {
                "column": 17,
                "line": 3
              },
              "start": {
                "column": 14,
                "line": 3
              }
            }
          },
          "range": [
            87,
            90
          ],
          "loc": {
            "end": {
              "column": 17,
              "line": 3
            },
            "start": {
              "column": 14,
              "line": 3
            }
          }
        }
      ],
      "range": [
        73,
        104
      ],
      "loc": {
        "end": {
          "column": 31,
          "line": 3
        },
        "start": {
          "column": 0,
          "line": 3
        }
      }
    }
  ],
  "sourceType": "module",
  "loc": {
    "end": {
      "column": 0,
      "line": 4
    },
    "start": {
      "column": 0,
      "line": 3
    }
  }
}