{
  "type": "Program",
  "range": [
    0,
    29
  ],
  "body": [
    {
      "type": "ClassDeclaration",
      "abstract": false,
      "body": {
        "type": "ClassBody",
        "range": [
          26,
          28
        ],
        "body": [],
        "loc": {
          "end": {
            "column": 28,
            "line": 1
          },
          "start": {
            "column": 26,
            "line": 1
          }
        }
      },
      "declare": false,
      "decorators": [],
      "id": {
        "type": "Identifier",
        "decorators": [],
        "name": "Foo",
        "optional": false,
        "range": [
          6,
          9
        ],
        "loc": {
          "end": {
            "column": 9,
            "line": 1
          },
          "start": {
            "column": 6,
            "line": 1
          }
        }
      },
      "implements": [],
      "superClass": {
        "type": "Literal",
        "raw": "'Thing'",
        "value": "Thing",
        "range": [
          18,
          25
        ],
        "loc": {
          "end": {
            "column": 25,
            "line": 1
          },
          "start": {
            "column": 18,
            "line": 1
          }
        }
      },
      "range": [
        0,
        28
      ],
      "loc": {
        "end": {
          "column": 28,
          "line": 1
        },
        "start": {
          "column": 0,
          "line": 1
        }
      }
    }
  ],
  "sourceType": "script",
  "loc": {
    "end": {
      "column": 0,
      "line": 2
    },
    "start": {
      "column": 0,
      "line": 1
    }
  }
}