[
  {
    "type": "Keyword",
    "loc": {
      "end": {
        "column": 6,
        "line": 3
      },
      "start": {
        "column": 0,
        "line": 3
      }
    },
    "range": [
      73,
      79
    ],
    "value": "export"
  },
  {
    "type": "Identifier",
    "loc": {
      "end": {
        "column": 11,
        "line": 3
      },
      "start": {
        "column": 7,
        "line": 3
      }
    },
    "range": [
      80,
      84
    ],
    "value": "type"
  },
  {
    "type": "Punctuator",
    "loc": {
      "end": {
        "column": 13,
        "line": 3
      },
      "start": {
        "column": 12,
        "line": 3
      }
    },
    "range": [
      85,
      86
    ],
    "value": "{"
  },
  {
    "type": "Identifier",
    "loc": {
      "end": {
        "column": 17,
        "line": 3
      },
      "start": {
        "column": 14,
        "line": 3
      }
    },
    "range": [
      87,
      90
    ],
    "value": "foo"
  },
  {
    "type": "Punctuator",
    "loc": {
      "end": {
        "column": 19,
        "line": 3
      },
      "start": {
        "column": 18,
        "line": 3
      }
    },
    "range": [
      91,
      92
    ],
    "value": "}"
  },
  {
    "type": "Punctuator",
    "loc": {
      "end": {
        "column": 20,
        "line": 3
      },
      "start": {
        "column": 19,
        "line": 3
      }
    },
    "range": [
      92,
      93
    ],
    "value": ";"
  }
]