{
  "type": "Program",
  "range": [
    73,
    111
  ],
  "body": [
    {
      "type": "VariableDeclaration",
      "declarations": [
        {
          "type": "VariableDeclarator",
          "definite": false,
          "id": {
            "type": "Identifier",
            "decorators": [],
            "name": "x",
            "optional": false,
            "typeAnnotation": {
              "type": "TSTypeAnnotation",
              "loc": {
                "end": {
                  "column": 14,
                  "line": 3
                },
                "start": {
                  "column": 5,
                  "line": 3
                }
              },
              "range": [
                78,
                87
              ],
              "typeAnnotation": {
                "type": "TSTypeOperator",
                "operator": "keyof",
                "typeAnnotation": {
                  "type": "TSTypeReference",
                  "typeName": {
                    "type": "Identifier",
                    "decorators": [],
                    "name": "T",
                    "optional": false,
                    "range": [
                      86,
                      87
                    ],
                    "loc": {
                      "end": {
                        "column": 14,
                        "line": 3
                      },
                      "start": {
                        "column": 13,
                        "line": 3
                      }
                    }
                  },
                  "range": [
                    86,
                    87
                  ],
                  "loc": {
                    "end": {
                      "column": 14,
                      "line": 3
                    },
                    "start": {
                      "column": 13,
                      "line": 3
                    }
                  }
                },
                "range": [
                  80,
                  87
                ],
                "loc": {
                  "end": {
                    "column": 14,
                    "line": 3
                  },
                  "start": {
                    "column": 7,
                    "line": 3
                  }
                }
              }
            },
            "range": [
              77,
              87
            ],
            "loc": {
              "end": {
                "column": 14,
                "line": 3
              },
              "start": {
                "column": 4,
                "line": 3
              }
            }
          },
          "init": null,
          "range": [
            77,
            87
          ],
          "loc": {
            "end": {
              "column": 14,
              "line": 3
            },
            "start": {
              "column": 4,
              "line": 3
            }
          }
        }
      ],
      "declare": false,
      "kind": "let",
      "range": [
        73,
        88
      ],
      "loc": {
        "end": {
          "column": 15,
          "line": 3
        },
        "start": {
          "column": 0,
          "line": 3
        }
      }
    },
    {
      "type": "VariableDeclaration",
      "declarations": [
        {
          "type": "VariableDeclarator",
          "definite": false,
          "id": {
            "type": "Identifier",
            "decorators": [],
            "name": "y",
            "optional": false,
            "typeAnnotation": {
              "type": "TSTypeAnnotation",
              "loc": {
                "end": {
                  "column": 20,
                  "line": 4
                },
                "start": {
                  "column": 5,
                  "line": 4
                }
              },
              "range": [
                94,
                109
              ],
              "typeAnnotation": {
                "type": "TSTypeOperator",
                "operator": "unique",
                "typeAnnotation": {
                  "type": "TSSymbolKeyword",
                  "range": [
                    103,
                    109
                  ],
                  "loc": {
                    "end": {
                      "column": 20,
                      "line": 4
                    },
                    "start": {
                      "column": 14,
                      "line": 4
                    }
                  }
                },
                "range": [
                  96,
                  109
                ],
                "loc": {
                  "end": {
                    "column": 20,
                    "line": 4
                  },
                  "start": {
                    "column": 7,
                    "line": 4
                  }
                }
              }
            },
            "range": [
              93,
              109
            ],
            "loc": {
              "end": {
                "column": 20,
                "line": 4
              },
              "start": {
                "column": 4,
                "line": 4
              }
            }
          },
          "init": null,
          "range": [
            93,
            109
          ],
          "loc": {
            "end": {
              "column": 20,
              "line": 4
            },
            "start": {
              "column": 4,
              "line": 4
            }
          }
        }
      ],
      "declare": false,
      "kind": "let",
      "range": [
        89,
        110
      ],
      "loc": {
        "end": {
          "column": 21,
          "line": 4
        },
        "start": {
          "column": 0,
          "line": 4
        }
      }
    }
  ],
  "sourceType": "script",
  "loc": {
    "end": {
      "column": 0,
      "line": 5
    },
    "start": {
      "column": 0,
      "line": 3
    }
  }
}