[
  {
    "type": "Keyword",
    "loc": {
      "end": {
        "column": 3,
        "line": 3
      },
      "start": {
        "column": 0,
        "line": 3
      }
    },
    "range": [
      73,
      76
    ],
    "value": "let"
  },
  {
    "type": "Identifier",
    "loc": {
      "end": {
        "column": 5,
        "line": 3
      },
      "start": {
        "column": 4,
        "line": 3
      }
    },
    "range": [
      77,
      78
    ],
    "value": "x"
  },
  {
    "type": "Punctuator",
    "loc": {
      "end": {
        "column": 6,
        "line": 3
      },
      "start": {
        "column": 5,
        "line": 3
      }
    },
    "range": [
      78,
      79
    ],
    "value": ":"
  },
  {
    "type": "Punctuator",
    "loc": {
      "end": {
        "column": 8,
        "line": 3
      },
      "start": {
        "column": 7,
        "line": 3
      }
    },
    "range": [
      80,
      81
    ],
    "value": "["
  },
  {
    "type": "Identifier",
    "loc": {
      "end": {
        "column": 14,
        "line": 3
      },
      "start": {
        "column": 8,
        "line": 3
      }
    },
    "range": [
      81,
      87
    ],
    "value": "string"
  },
  {
    "type": "Punctuator",
    "loc": {
      "end": {
        "column": 15,
        "line": 3
      },
      "start": {
        "column": 14,
        "line": 3
      }
    },
    "range": [
      87,
      88
    ],
    "value": ","
  },
  {
    "type": "Punctuator",
    "loc": {
      "end": {
        "column": 19,
        "line": 3
      },
      "start": {
        "column": 16,
        "line": 3
      }
    },
    "range": [
      89,
      92
    ],
    "value": "..."
  },
  {
    "type": "Identifier",
    "loc": {
      "end": {
        "column": 25,
        "line": 3
      },
      "start": {
        "column": 19,
        "line": 3
      }
    },
    "range": [
      92,
      98
    ],
    "value": "number"
  },
  {
    "type": "Punctuator",
    "loc": {
      "end": {
        "column": 26,
        "line": 3
      },
      "start": {
        "column": 25,
        "line": 3
      }
    },
    "range": [
      98,
      99
    ],
    "value": "["
  },
  {
    "type": "Punctuator",
    "loc": {
      "end": {
        "column": 27,
        "line": 3
      },
      "start": {
        "column": 26,
        "line": 3
      }
    },
    "range": [
      99,
      100
    ],
    "value": "]"
  },
  {
    "type": "Punctuator",
    "loc": {
      "end": {
        "column": 28,
        "line": 3
      },
      "start": {
        "column": 27,
        "line": 3
      }
    },
    "range": [
      100,
      101
    ],
    "value": "]"
  },
  {
    "type": "Punctuator",
    "loc": {
      "end": {
        "column": 29,
        "line": 3
      },
      "start": {
        "column": 28,
        "line": 3
      }
    },
    "range": [
      101,
      102
    ],
    "value": ";"
  }
]