[
  {
    "type": "Keyword",
    "loc": {
      "end": {
        "column": 3,
        "line": 3
      },
      "start": {
        "column": 0,
        "line": 3
      }
    },
    "range": [
      73,
      76
    ],
    "value": "let"
  },
  {
    "type": "Identifier",
    "loc": {
      "end": {
        "column": 5,
        "line": 3
      },
      "start": {
        "column": 4,
        "line": 3
      }
    },
    "range": [
      77,
      78
    ],
    "value": "f"
  },
  {
    "type": "Punctuator",
    "loc": {
      "end": {
        "column": 6,
        "line": 3
      },
      "start": {
        "column": 5,
        "line": 3
      }
    },
    "range": [
      78,
      79
    ],
    "value": ":"
  },
  {
    "type": "Keyword",
    "loc": {
      "end": {
        "column": 10,
        "line": 3
      },
      "start": {
        "column": 7,
        "line": 3
      }
    },
    "range": [
      80,
      83
    ],
    "value": "new"
  },
  {
    "type": "Punctuator",
    "loc": {
      "end": {
        "column": 12,
        "line": 3
      },
      "start": {
        "column": 11,
        "line": 3
      }
    },
    "range": [
      84,
      85
    ],
    "value": "<"
  },
  {
    "type": "Identifier",
    "loc": {
      "end": {
        "column": 13,
        "line": 3
      },
      "start": {
        "column": 12,
        "line": 3
      }
    },
    "range": [
      85,
      86
    ],
    "value": "T"
  },
  {
    "type": "Punctuator",
    "loc": {
      "end": {
        "column": 14,
        "line": 3
      },
      "start": {
        "column": 13,
        "line": 3
      }
    },
    "range": [
      86,
      87
    ],
    "value": ">"
  },
  {
    "type": "Punctuator",
    "loc": {
      "end": {
        "column": 15,
        "line": 3
      },
      "start": {
        "column": 14,
        "line": 3
      }
    },
    "range": [
      87,
      88
    ],
    "value": "("
  },
  {
    "type": "Identifier",
    "loc": {
      "end": {
        "column": 16,
        "line": 3
      },
      "start": {
        "column": 15,
        "line": 3
      }
    },
    "range": [
      88,
      89
    ],
    "value": "a"
  },
  {
    "type": "Punctuator",
    "loc": {
      "end": {
        "column": 17,
        "line": 3
      },
      "start": {
        "column": 16,
        "line": 3
      }
    },
    "range": [
      89,
      90
    ],
    "value": ":"
  },
  {
    "type": "Identifier",
    "loc": {
      "end": {
        "column": 19,
        "line": 3
      },
      "start": {
        "column": 18,
        "line": 3
      }
    },
    "range": [
      91,
      92
    ],
    "value": "T"
  },
  {
    "type": "Punctuator",
    "loc": {
      "end": {
        "column": 20,
        "line": 3
      },
      "start": {
        "column": 19,
        "line": 3
      }
    },
    "range": [
      92,
      93
    ],
    "value": ")"
  },
  {
    "type": "Punctuator",
    "loc": {
      "end": {
        "column": 23,
        "line": 3
      },
      "start": {
        "column": 21,
        "line": 3
      }
    },
    "range": [
      94,
      96
    ],
    "value": "=>"
  },
  {
    "type": "Identifier",
    "loc": {
      "end": {
        "column": 25,
        "line": 3
      },
      "start": {
        "column": 24,
        "line": 3
      }
    },
    "range": [
      97,
      98
    ],
    "value": "T"
  },
  {
    "type": "Punctuator",
    "loc": {
      "end": {
        "column": 26,
        "line": 3
      },
      "start": {
        "column": 25,
        "line": 3
      }
    },
    "range": [
      98,
      99
    ],
    "value": ";"
  }
]