[
  {
    "type": "Line",
    "loc": {
      "end": {
        "column": 71,
        "line": 1
      },
      "start": {
        "column": 0,
        "line": 1
      }
    },
    "range": [
      0,
      71
    ],
    "value": " TODO: This fixture might be too large, and if so should be split up."
  },
  {
    "type": "Line",
    "loc": {
      "end": {
        "column": 13,
        "line": 4
      },
      "start": {
        "column": 6,
        "line": 4
      }
    },
    "range": [
      93,
      100
    ],
    "value": " test"
  }
]