{
  "type": "Program",
  "range": [
    73,
    130
  ],
  "body": [
    {
      "type": "TSModuleDeclaration",
      "kind": "module",
      "body": {
        "type": "TSModuleBlock",
        "body": [
          {
            "type": "ImportDeclaration",
            "attributes": [],
            "importKind": "value",
            "source": {
              "type": "Literal",
              "raw": "'fs'",
              "value": "fs",
              "range": [
                122,
                126
              ],
              "loc": {
                "end": {
                  "column": 21,
                  "line": 4
                },
                "start": {
                  "column": 17,
                  "line": 4
                }
              }
            },
            "specifiers": [
              {
                "type": "ImportDefaultSpecifier",
                "range": [
                  114,
                  116
                ],
                "local": {
                  "type": "Identifier",
                  "decorators": [],
                  "name": "fs",
                  "optional": false,
                  "range": [
                    114,
                    116
                  ],
                  "loc": {
                    "end": {
                      "column": 11,
                      "line": 4
                    },
                    "start": {
                      "column": 9,
                      "line": 4
                    }
                  }
                },
                "loc": {
                  "end": {
                    "column": 11,
                    "line": 4
                  },
                  "start": {
                    "column": 9,
                    "line": 4
                  }
                }
              }
            ],
            "range": [
              107,
              127
            ],
            "loc": {
              "end": {
                "column": 22,
                "line": 4
              },
              "start": {
                "column": 2,
                "line": 4
              }
            }
          }
        ],
        "range": [
          103,
          129
        ],
        "loc": {
          "end": {
            "column": 1,
            "line": 5
          },
          "start": {
            "column": 30,
            "line": 3
          }
        }
      },
      "declare": true,
      "global": false,
      "id": {
        "type": "Literal",
        "raw": "'i-use-things'",
        "value": "i-use-things",
        "range": [
          88,
          102
        ],
        "loc": {
          "end": {
            "column": 29,
            "line": 3
          },
          "start": {
            "column": 15,
            "line": 3
          }
        }
      },
      "range": [
        73,
        129
      ],
      "loc": {
        "end": {
          "column": 1,
          "line": 5
        },
        "start": {
          "column": 0,
          "line": 3
        }
      }
    }
  ],
  "sourceType": "script",
  "loc": {
    "end": {
      "column": 0,
      "line": 6
    },
    "start": {
      "column": 0,
      "line": 3
    }
  }
}