{
  "type": "Program",
  "range": [
    0,
    27
  ],
  "body": [
    {
      "type": "ExpressionStatement",
      "expression": {
        "type": "FunctionExpression",
        "async": false,
        "body": {
          "type": "BlockStatement",
          "body": [],
          "range": [
            22,
            24
          ],
          "loc": {
            "end": {
              "column": 24,
              "line": 1
            },
            "start": {
              "column": 22,
              "line": 1
            }
          }
        },
        "declare": false,
        "expression": false,
        "generator": false,
        "id": null,
        "params": [],
        "typeParameters": {
          "type": "TSTypeParameterDeclaration",
          "loc": {
            "end": {
              "column": 19,
              "line": 1
            },
            "start": {
              "column": 10,
              "line": 1
            }
          },
          "range": [
            10,
            19
          ],
          "params": [
            {
              "type": "TSTypeParameter",
              "const": true,
              "in": false,
              "name": {
                "type": "Identifier",
                "decorators": [],
                "name": "T",
                "optional": false,
                "range": [
                  17,
                  18
                ],
                "loc": {
                  "end": {
                    "column": 18,
                    "line": 1
                  },
                  "start": {
                    "column": 17,
                    "line": 1
                  }
                }
              },
              "out": false,
              "range": [
                11,
                18
              ],
              "loc": {
                "end": {
                  "column": 18,
                  "line": 1
                },
                "start": {
                  "column": 11,
                  "line": 1
                }
              }
            }
          ]
        },
        "range": [
          1,
          24
        ],
        "loc": {
          "end": {
            "column": 24,
            "line": 1
          },
          "start": {
            "column": 1,
            "line": 1
          }
        }
      },
      "range": [
        0,
        26
      ],
      "loc": {
        "end": {
          "column": 26,
          "line": 1
        },
        "start": {
          "column": 0,
          "line": 1
        }
      }
    }
  ],
  "sourceType": "script",
  "loc": {
    "end": {
      "column": 0,
      "line": 2
    },
    "start": {
      "column": 0,
      "line": 1
    }
  }
}