[
  {
    "type": "Keyword",
    "loc": {
      "end": {
        "column": 5,
        "line": 3
      },
      "start": {
        "column": 0,
        "line": 3
      }
    },
    "range": [
      73,
      78
    ],
    "value": "class"
  },
  {
    "type": "Identifier",
    "loc": {
      "end": {
        "column": 7,
        "line": 3
      },
      "start": {
        "column": 6,
        "line": 3
      }
    },
    "range": [
      79,
      80
    ],
    "value": "B"
  },
  {
    "type": "Punctuator",
    "loc": {
      "end": {
        "column": 9,
        "line": 3
      },
      "start": {
        "column": 8,
        "line": 3
      }
    },
    "range": [
      81,
      82
    ],
    "value": "{"
  },
  {
    "type": "Punctuator",
    "loc": {
      "end": {
        "column": 3,
        "line": 4
      },
      "start": {
        "column": 2,
        "line": 4
      }
    },
    "range": [
      85,
      86
    ],
    "value": "@"
  },
  {
    "type": "Identifier",
    "loc": {
      "end": {
        "column": 6,
        "line": 4
      },
      "start": {
        "column": 3,
        "line": 4
      }
    },
    "range": [
      86,
      89
    ],
    "value": "foo"
  },
  {
    "type": "Identifier",
    "loc": {
      "end": {
        "column": 8,
        "line": 4
      },
      "start": {
        "column": 7,
        "line": 4
      }
    },
    "range": [
      90,
      91
    ],
    "value": "x"
  },
  {
    "type": "Punctuator",
    "loc": {
      "end": {
        "column": 9,
        "line": 4
      },
      "start": {
        "column": 8,
        "line": 4
      }
    },
    "range": [
      91,
      92
    ],
    "value": ";"
  },
  {
    "type": "Punctuator",
    "loc": {
      "end": {
        "column": 3,
        "line": 5
      },
      "start": {
        "column": 2,
        "line": 5
      }
    },
    "range": [
      95,
      96
    ],
    "value": "@"
  },
  {
    "type": "Identifier",
    "loc": {
      "end": {
        "column": 6,
        "line": 5
      },
      "start": {
        "column": 3,
        "line": 5
      }
    },
    "range": [
      96,
      99
    ],
    "value": "bar"
  },
  {
    "type": "Identifier",
    "loc": {
      "end": {
        "column": 3,
        "line": 6
      },
      "start": {
        "column": 2,
        "line": 6
      }
    },
    "range": [
      102,
      103
    ],
    "value": "y"
  },
  {
    "type": "Punctuator",
    "loc": {
      "end": {
        "column": 4,
        "line": 6
      },
      "start": {
        "column": 3,
        "line": 6
      }
    },
    "range": [
      103,
      104
    ],
    "value": ";"
  },
  {
    "type": "Punctuator",
    "loc": {
      "end": {
        "column": 1,
        "line": 7
      },
      "start": {
        "column": 0,
        "line": 7
      }
    },
    "range": [
      105,
      106
    ],
    "value": "}"
  }
]