[
  {
    "type": "Keyword",
    "loc": {
      "end": {
        "column": 6,
        "line": 3
      },
      "start": {
        "column": 0,
        "line": 3
      }
    },
    "range": [
      73,
      79
    ],
    "value": "export"
  },
  {
    "type": "Keyword",
    "loc": {
      "end": {
        "column": 14,
        "line": 3
      },
      "start": {
        "column": 7,
        "line": 3
      }
    },
    "range": [
      80,
      87
    ],
    "value": "default"
  },
  {
    "type": "Keyword",
    "loc": {
      "end": {
        "column": 20,
        "line": 3
      },
      "start": {
        "column": 15,
        "line": 3
      }
    },
    "range": [
      88,
      93
    ],
    "value": "class"
  },
  {
    "type": "Punctuator",
    "loc": {
      "end": {
        "column": 21,
        "line": 3
      },
      "start": {
        "column": 20,
        "line": 3
      }
    },
    "range": [
      93,
      94
    ],
    "value": "<"
  },
  {
    "type": "Identifier",
    "loc": {
      "end": {
        "column": 22,
        "line": 3
      },
      "start": {
        "column": 21,
        "line": 3
      }
    },
    "range": [
      94,
      95
    ],
    "value": "T"
  },
  {
    "type": "Punctuator",
    "loc": {
      "end": {
        "column": 23,
        "line": 3
      },
      "start": {
        "column": 22,
        "line": 3
      }
    },
    "range": [
      95,
      96
    ],
    "value": ","
  },
  {
    "type": "Identifier",
    "loc": {
      "end": {
        "column": 25,
        "line": 3
      },
      "start": {
        "column": 24,
        "line": 3
      }
    },
    "range": [
      97,
      98
    ],
    "value": "U"
  },
  {
    "type": "Punctuator",
    "loc": {
      "end": {
        "column": 26,
        "line": 3
      },
      "start": {
        "column": 25,
        "line": 3
      }
    },
    "range": [
      98,
      99
    ],
    "value": ">"
  },
  {
    "type": "Punctuator",
    "loc": {
      "end": {
        "column": 28,
        "line": 3
      },
      "start": {
        "column": 27,
        "line": 3
      }
    },
    "range": [
      100,
      101
    ],
    "value": "{"
  },
  {
    "type": "Punctuator",
    "loc": {
      "end": {
        "column": 29,
        "line": 3
      },
      "start": {
        "column": 28,
        "line": 3
      }
    },
    "range": [
      101,
      102
    ],
    "value": "}"
  }
]