{
  "type": "Program",
  "range": [
    73,
    95
  ],
  "body": [
    {
      "type": "VariableDeclaration",
      "declarations": [
        {
          "type": "VariableDeclarator",
          "definite": false,
          "id": {
            "type": "Identifier",
            "decorators": [],
            "name": "foo",
            "optional": false,
            "range": [
              79,
              82
            ],
            "loc": {
              "end": {
                "column": 9,
                "line": 3
              },
              "start": {
                "column": 6,
                "line": 3
              }
            }
          },
          "init": {
            "type": "TSAsExpression",
            "expression": {
              "type": "Identifier",
              "decorators": [],
              "name": "x",
              "optional": false,
              "range": [
                85,
                86
              ],
              "loc": {
                "end": {
                  "column": 13,
                  "line": 3
                },
                "start": {
                  "column": 12,
                  "line": 3
                }
              }
            },
            "typeAnnotation": {
              "type": "TSAnyKeyword",
              "range": [
                90,
                93
              ],
              "loc": {
                "end": {
                  "column": 20,
                  "line": 3
                },
                "start": {
                  "column": 17,
                  "line": 3
                }
              }
            },
            "range": [
              85,
              93
            ],
            "loc": {
              "end": {
                "column": 20,
                "line": 3
              },
              "start": {
                "column": 12,
                "line": 3
              }
            }
          },
          "range": [
            79,
            93
          ],
          "loc": {
            "end": {
              "column": 20,
              "line": 3
            },
            "start": {
              "column": 6,
              "line": 3
            }
          }
        }
      ],
      "declare": false,
      "kind": "const",
      "range": [
        73,
        94
      ],
      "loc": {
        "end": {
          "column": 21,
          "line": 3
        },
        "start": {
          "column": 0,
          "line": 3
        }
      }
    }
  ],
  "sourceType": "script",
  "loc": {
    "end": {
      "column": 0,
      "line": 4
    },
    "start": {
      "column": 0,
      "line": 3
    }
  }
}