[
  {
    "type": "Keyword",
    "loc": {
      "end": {
        "column": 5,
        "line": 3
      },
      "start": {
        "column": 0,
        "line": 3
      }
    },
    "range": [
      73,
      78
    ],
    "value": "const"
  },
  {
    "type": "Identifier",
    "loc": {
      "end": {
        "column": 9,
        "line": 3
      },
      "start": {
        "column": 6,
        "line": 3
      }
    },
    "range": [
      79,
      82
    ],
    "value": "foo"
  },
  {
    "type": "Punctuator",
    "loc": {
      "end": {
        "column": 11,
        "line": 3
      },
      "start": {
        "column": 10,
        "line": 3
      }
    },
    "range": [
      83,
      84
    ],
    "value": "="
  },
  {
    "type": "Identifier",
    "loc": {
      "end": {
        "column": 13,
        "line": 3
      },
      "start": {
        "column": 12,
        "line": 3
      }
    },
    "range": [
      85,
      86
    ],
    "value": "x"
  },
  {
    "type": "Identifier",
    "loc": {
      "end": {
        "column": 16,
        "line": 3
      },
      "start": {
        "column": 14,
        "line": 3
      }
    },
    "range": [
      87,
      89
    ],
    "value": "as"
  },
  {
    "type": "Identifier",
    "loc": {
      "end": {
        "column": 20,
        "line": 3
      },
      "start": {
        "column": 17,
        "line": 3
      }
    },
    "range": [
      90,
      93
    ],
    "value": "any"
  },
  {
    "type": "Punctuator",
    "loc": {
      "end": {
        "column": 21,
        "line": 3
      },
      "start": {
        "column": 20,
        "line": 3
      }
    },
    "range": [
      93,
      94
    ],
    "value": ";"
  }
]