{
  "type": "Program",
  "range": [
    73,
    106
  ],
  "body": [
    {
      "type": "TSTypeAliasDeclaration",
      "declare": false,
      "id": {
        "type": "Identifier",
        "decorators": [],
        "name": "foo",
        "optional": false,
        "range": [
          78,
          81
        ],
        "loc": {
          "end": {
            "column": 8,
            "line": 3
          },
          "start": {
            "column": 5,
            "line": 3
          }
        }
      },
      "typeAnnotation": {
        "type": "TSTypeLiteral",
        "members": [
          {
            "type": "TSPropertySignature",
            "computed": false,
            "key": {
              "type": "Identifier",
              "decorators": [],
              "name": "bar",
              "optional": false,
              "range": [
                86,
                89
              ],
              "loc": {
                "end": {
                  "column": 16,
                  "line": 3
                },
                "start": {
                  "column": 13,
                  "line": 3
                }
              }
            },
            "optional": false,
            "readonly": false,
            "static": false,
            "typeAnnotation": {
              "type": "TSTypeAnnotation",
              "loc": {
                "end": {
                  "column": 24,
                  "line": 3
                },
                "start": {
                  "column": 16,
                  "line": 3
                }
              },
              "range": [
                89,
                97
              ],
              "typeAnnotation": {
                "type": "TSStringKeyword",
                "range": [
                  91,
                  97
                ],
                "loc": {
                  "end": {
                    "column": 24,
                    "line": 3
                  },
                  "start": {
                    "column": 18,
                    "line": 3
                  }
                }
              }
            },
            "range": [
              86,
              98
            ],
            "loc": {
              "end": {
                "column": 25,
                "line": 3
              },
              "start": {
                "column": 13,
                "line": 3
              }
            }
          },
          {
            "type": "TSPropertySignature",
            "computed": false,
            "key": {
              "type": "Identifier",
              "decorators": [],
              "name": "baz",
              "optional": false,
              "range": [
                99,
                102
              ],
              "loc": {
                "end": {
                  "column": 29,
                  "line": 3
                },
                "start": {
                  "column": 26,
                  "line": 3
                }
              }
            },
            "optional": false,
            "readonly": false,
            "static": false,
            "range": [
              99,
              102
            ],
            "loc": {
              "end": {
                "column": 29,
                "line": 3
              },
              "start": {
                "column": 26,
                "line": 3
              }
            }
          }
        ],
        "range": [
          84,
          104
        ],
        "loc": {
          "end": {
            "column": 31,
            "line": 3
          },
          "start": {
            "column": 11,
            "line": 3
          }
        }
      },
      "range": [
        73,
        105
      ],
      "loc": {
        "end": {
          "column": 32,
          "line": 3
        },
        "start": {
          "column": 0,
          "line": 3
        }
      }
    }
  ],
  "sourceType": "script",
  "loc": {
    "end": {
      "column": 0,
      "line": 4
    },
    "start": {
      "column": 0,
      "line": 3
    }
  }
}