{
  "type": "Program",
  "range": [
    73,
    204
  ],
  "body": [
    {
      "type": "TSTypeAliasDeclaration",
      "declare": false,
      "id": {
        "type": "Identifier",
        "decorators": [],
        "name": "Unpacked",
        "optional": false,
        "range": [
          78,
          86
        ],
        "loc": {
          "end": {
            "column": 13,
            "line": 3
          },
          "start": {
            "column": 5,
            "line": 3
          }
        }
      },
      "typeAnnotation": {
        "type": "TSConditionalType",
        "checkType": {
          "type": "TSTypeReference",
          "typeName": {
            "type": "Identifier",
            "decorators": [],
            "name": "T",
            "optional": false,
            "range": [
              92,
              93
            ],
            "loc": {
              "end": {
                "column": 20,
                "line": 3
              },
              "start": {
                "column": 19,
                "line": 3
              }
            }
          },
          "range": [
            92,
            93
          ],
          "loc": {
            "end": {
              "column": 20,
              "line": 3
            },
            "start": {
              "column": 19,
              "line": 3
            }
          }
        },
        "extendsType": {
          "type": "TSArrayType",
          "elementType": {
            "type": "TSInferType",
            "typeParameter": {
              "type": "TSTypeParameter",
              "const": false,
              "in": false,
              "name": {
                "type": "Identifier",
                "decorators": [],
                "name": "U",
                "optional": false,
                "range": [
                  109,
                  110
                ],
                "loc": {
                  "end": {
                    "column": 37,
                    "line": 3
                  },
                  "start": {
                    "column": 36,
                    "line": 3
                  }
                }
              },
              "out": false,
              "range": [
                109,
                110
              ],
              "loc": {
                "end": {
                  "column": 37,
                  "line": 3
                },
                "start": {
                  "column": 36,
                  "line": 3
                }
              }
            },
            "range": [
              103,
              110
            ],
            "loc": {
              "end": {
                "column": 37,
                "line": 3
              },
              "start": {
                "column": 30,
                "line": 3
              }
            }
          },
          "range": [
            102,
            113
          ],
          "loc": {
            "end": {
              "column": 40,
              "line": 3
            },
            "start": {
              "column": 29,
              "line": 3
            }
          }
        },
        "falseType": {
          "type": "TSConditionalType",
          "checkType": {
            "type": "TSTypeReference",
            "typeName": {
              "type": "Identifier",
              "decorators": [],
              "name": "T",
              "optional": false,
              "range": [
                124,
                125
              ],
              "loc": {
                "end": {
                  "column": 5,
                  "line": 5
                },
                "start": {
                  "column": 4,
                  "line": 5
                }
              }
            },
            "range": [
              124,
              125
            ],
            "loc": {
              "end": {
                "column": 5,
                "line": 5
              },
              "start": {
                "column": 4,
                "line": 5
              }
            }
          },
          "extendsType": {
            "type": "TSInferType",
            "typeParameter": {
              "type": "TSTypeParameter",
              "const": false,
              "in": false,
              "name": {
                "type": "Identifier",
                "decorators": [],
                "name": "U",
                "optional": false,
                "range": [
                  140,
                  141
                ],
                "loc": {
                  "end": {
                    "column": 21,
                    "line": 5
                  },
                  "start": {
                    "column": 20,
                    "line": 5
                  }
                }
              },
              "out": false,
              "range": [
                140,
                141
              ],
              "loc": {
                "end": {
                  "column": 21,
                  "line": 5
                },
                "start": {
                  "column": 20,
                  "line": 5
                }
              }
            },
            "range": [
              134,
              141
            ],
            "loc": {
              "end": {
                "column": 21,
                "line": 5
              },
              "start": {
                "column": 14,
                "line": 5
              }
            }
          },
          "falseType": {
            "type": "TSConditionalType",
            "checkType": {
              "type": "TSTypeReference",
              "typeName": {
                "type": "Identifier",
                "decorators": [],
                "name": "T",
                "optional": false,
                "range": [
                  156,
                  157
                ],
                "loc": {
                  "end": {
                    "column": 7,
                    "line": 7
                  },
                  "start": {
                    "column": 6,
                    "line": 7
                  }
                }
              },
              "range": [
                156,
                157
              ],
              "loc": {
                "end": {
                  "column": 7,
                  "line": 7
                },
                "start": {
                  "column": 6,
                  "line": 7
                }
              }
            },
            "extendsType": {
              "type": "TSTypeReference",
              "typeArguments": {
                "type": "TSTypeParameterInstantiation",
                "range": [
                  173,
                  182
                ],
                "params": [
                  {
                    "type": "TSInferType",
                    "typeParameter": {
                      "type": "TSTypeParameter",
                      "const": false,
                      "in": false,
                      "name": {
                        "type": "Identifier",
                        "decorators": [],
                        "name": "U",
                        "optional": false,
                        "range": [
                          180,
                          181
                        ],
                        "loc": {
                          "end": {
                            "column": 31,
                            "line": 7
                          },
                          "start": {
                            "column": 30,
                            "line": 7
                          }
                        }
                      },
                      "out": false,
                      "range": [
                        180,
                        181
                      ],
                      "loc": {
                        "end": {
                          "column": 31,
                          "line": 7
                        },
                        "start": {
                          "column": 30,
                          "line": 7
                        }
                      }
                    },
                    "range": [
                      174,
                      181
                    ],
                    "loc": {
                      "end": {
                        "column": 31,
                        "line": 7
                      },
                      "start": {
                        "column": 24,
                        "line": 7
                      }
                    }
                  }
                ],
                "loc": {
                  "end": {
                    "column": 32,
                    "line": 7
                  },
                  "start": {
                    "column": 23,
                    "line": 7
                  }
                }
              },
              "typeName": {
                "type": "Identifier",
                "decorators": [],
                "name": "Promise",
                "optional": false,
                "range": [
                  166,
                  173
                ],
                "loc": {
                  "end": {
                    "column": 23,
                    "line": 7
                  },
                  "start": {
                    "column": 16,
                    "line": 7
                  }
                }
              },
              "range": [
                166,
                182
              ],
              "loc": {
                "end": {
                  "column": 32,
                  "line": 7
                },
                "start": {
                  "column": 16,
                  "line": 7
                }
              }
            },
            "falseType": {
              "type": "TSTypeReference",
              "typeName": {
                "type": "Identifier",
                "decorators": [],
                "name": "T",
                "optional": false,
                "range": [
                  201,
                  202
                ],
                "loc": {
                  "end": {
                    "column": 9,
                    "line": 9
                  },
                  "start": {
                    "column": 8,
                    "line": 9
                  }
                }
              },
              "range": [
                201,
                202
              ],
              "loc": {
                "end": {
                  "column": 9,
                  "line": 9
                },
                "start": {
                  "column": 8,
                  "line": 9
                }
              }
            },
            "trueType": {
              "type": "TSTypeReference",
              "typeName": {
                "type": "Identifier",
                "decorators": [],
                "name": "U",
                "optional": false,
                "range": [
                  191,
                  192
                ],
                "loc": {
                  "end": {
                    "column": 9,
                    "line": 8
                  },
                  "start": {
                    "column": 8,
                    "line": 8
                  }
                }
              },
              "range": [
                191,
                192
              ],
              "loc": {
                "end": {
                  "column": 9,
                  "line": 8
                },
                "start": {
                  "column": 8,
                  "line": 8
                }
              }
            },
            "range": [
              156,
              202
            ],
            "loc": {
              "end": {
                "column": 9,
                "line": 9
              },
              "start": {
                "column": 6,
                "line": 7
              }
            }
          },
          "trueType": {
            "type": "TSTypeReference",
            "typeName": {
              "type": "Identifier",
              "decorators": [],
              "name": "U",
              "optional": false,
              "range": [
                148,
                149
              ],
              "loc": {
                "end": {
                  "column": 7,
                  "line": 6
                },
                "start": {
                  "column": 6,
                  "line": 6
                }
              }
            },
            "range": [
              148,
              149
            ],
            "loc": {
              "end": {
                "column": 7,
                "line": 6
              },
              "start": {
                "column": 6,
                "line": 6
              }
            }
          },
          "range": [
            124,
            202
          ],
          "loc": {
            "end": {
              "column": 9,
              "line": 9
            },
            "start": {
              "column": 4,
              "line": 5
            }
          }
        },
        "trueType": {
          "type": "TSTypeReference",
          "typeName": {
            "type": "Identifier",
            "decorators": [],
            "name": "U",
            "optional": false,
            "range": [
              118,
              119
            ],
            "loc": {
              "end": {
                "column": 5,
                "line": 4
              },
              "start": {
                "column": 4,
                "line": 4
              }
            }
          },
          "range": [
            118,
            119
          ],
          "loc": {
            "end": {
              "column": 5,
              "line": 4
            },
            "start": {
              "column": 4,
              "line": 4
            }
          }
        },
        "range": [
          92,
          202
        ],
        "loc": {
          "end": {
            "column": 9,
            "line": 9
          },
          "start": {
            "column": 19,
            "line": 3
          }
        }
      },
      "typeParameters": {
        "type": "TSTypeParameterDeclaration",
        "loc": {
          "end": {
            "column": 16,
            "line": 3
          },
          "start": {
            "column": 13,
            "line": 3
          }
        },
        "range": [
          86,
          89
        ],
        "params": [
          {
            "type": "TSTypeParameter",
            "const": false,
            "in": false,
            "name": {
              "type": "Identifier",
              "decorators": [],
              "name": "T",
              "optional": false,
              "range": [
                87,
                88
              ],
              "loc": {
                "end": {
                  "column": 15,
                  "line": 3
                },
                "start": {
                  "column": 14,
                  "line": 3
                }
              }
            },
            "out": false,
            "range": [
              87,
              88
            ],
            "loc": {
              "end": {
                "column": 15,
                "line": 3
              },
              "start": {
                "column": 14,
                "line": 3
              }
            }
          }
        ]
      },
      "range": [
        73,
        203
      ],
      "loc": {
        "end": {
          "column": 10,
          "line": 9
        },
        "start": {
          "column": 0,
          "line": 3
        }
      }
    }
  ],
  "sourceType": "script",
  "loc": {
    "end": {
      "column": 0,
      "line": 10
    },
    "start": {
      "column": 0,
      "line": 3
    }
  }
}