[
  {
    "type": "Keyword",
    "loc": {
      "end": {
        "column": 6,
        "line": 1
      },
      "start": {
        "column": 0,
        "line": 1
      }
    },
    "range": [
      0,
      6
    ],
    "value": "export"
  },
  {
    "type": "Keyword",
    "loc": {
      "end": {
        "column": 12,
        "line": 1
      },
      "start": {
        "column": 7,
        "line": 1
      }
    },
    "range": [
      7,
      12
    ],
    "value": "class"
  },
  {
    "type": "Identifier",
    "loc": {
      "end": {
        "column": 16,
        "line": 1
      },
      "start": {
        "column": 13,
        "line": 1
      }
    },
    "range": [
      13,
      16
    ],
    "value": "Foo"
  },
  {
    "type": "Punctuator",
    "loc": {
      "end": {
        "column": 18,
        "line": 1
      },
      "start": {
        "column": 17,
        "line": 1
      }
    },
    "range": [
      17,
      18
    ],
    "value": "{"
  },
  {
    "type": "Punctuator",
    "loc": {
      "end": {
        "column": 19,
        "line": 1
      },
      "start": {
        "column": 18,
        "line": 1
      }
    },
    "range": [
      18,
      19
    ],
    "value": "}"
  }
]