{
  "type": "Program",
  "range": [
    0,
    44
  ],
  "body": [
    {
      "type": "ClassDeclaration",
      "abstract": false,
      "body": {
        "type": "ClassBody",
        "range": [
          8,
          43
        ],
        "body": [
          {
            "type": "StaticBlock",
            "body": [
              {
                "type": "ExpressionStatement",
                "directive": "use strict",
                "expression": {
                  "type": "Literal",
                  "raw": "'use strict'",
                  "value": "use strict",
                  "range": [
                    19,
                    31
                  ],
                  "loc": {
                    "end": {
                      "column": 31,
                      "line": 1
                    },
                    "start": {
                      "column": 19,
                      "line": 1
                    }
                  }
                },
                "range": [
                  19,
                  32
                ],
                "loc": {
                  "end": {
                    "column": 32,
                    "line": 1
                  },
                  "start": {
                    "column": 19,
                    "line": 1
                  }
                }
              },
              {
                "type": "VariableDeclaration",
                "declarations": [
                  {
                    "type": "VariableDeclarator",
                    "definite": false,
                    "id": {
                      "type": "Identifier",
                      "decorators": [],
                      "name": "x",
                      "optional": false,
                      "range": [
                        37,
                        38
                      ],
                      "loc": {
                        "end": {
                          "column": 38,
                          "line": 1
                        },
                        "start": {
                          "column": 37,
                          "line": 1
                        }
                      }
                    },
                    "init": null,
                    "range": [
                      37,
                      38
                    ],
                    "loc": {
                      "end": {
                        "column": 38,
                        "line": 1
                      },
                      "start": {
                        "column": 37,
                        "line": 1
                      }
                    }
                  }
                ],
                "declare": false,
                "kind": "let",
                "range": [
                  33,
                  39
                ],
                "loc": {
                  "end": {
                    "column": 39,
                    "line": 1
                  },
                  "start": {
                    "column": 33,
                    "line": 1
                  }
                }
              }
            ],
            "range": [
              10,
              41
            ],
            "loc": {
              "end": {
                "column": 41,
                "line": 1
              },
              "start": {
                "column": 10,
                "line": 1
              }
            }
          }
        ],
        "loc": {
          "end": {
            "column": 43,
            "line": 1
          },
          "start": {
            "column": 8,
            "line": 1
          }
        }
      },
      "declare": false,
      "decorators": [],
      "id": {
        "type": "Identifier",
        "decorators": [],
        "name": "C",
        "optional": false,
        "range": [
          6,
          7
        ],
        "loc": {
          "end": {
            "column": 7,
            "line": 1
          },
          "start": {
            "column": 6,
            "line": 1
          }
        }
      },
      "implements": [],
      "superClass": null,
      "range": [
        0,
        43
      ],
      "loc": {
        "end": {
          "column": 43,
          "line": 1
        },
        "start": {
          "column": 0,
          "line": 1
        }
      }
    }
  ],
  "sourceType": "script",
  "loc": {
    "end": {
      "column": 0,
      "line": 2
    },
    "start": {
      "column": 0,
      "line": 1
    }
  }
}