[
  {
    "type": "Keyword",
    "loc": {
      "end": {
        "column": 6,
        "line": 1
      },
      "start": {
        "column": 0,
        "line": 1
      }
    },
    "range": [
      0,
      6
    ],
    "value": "export"
  },
  {
    "type": "Keyword",
    "loc": {
      "end": {
        "column": 11,
        "line": 1
      },
      "start": {
        "column": 7,
        "line": 1
      }
    },
    "range": [
      7,
      11
    ],
    "value": "enum"
  },
  {
    "type": "Identifier",
    "loc": {
      "end": {
        "column": 15,
        "line": 1
      },
      "start": {
        "column": 12,
        "line": 1
      }
    },
    "range": [
      12,
      15
    ],
    "value": "Foo"
  },
  {
    "type": "Punctuator",
    "loc": {
      "end": {
        "column": 17,
        "line": 1
      },
      "start": {
        "column": 16,
        "line": 1
      }
    },
    "range": [
      16,
      17
    ],
    "value": "{"
  },
  {
    "type": "Punctuator",
    "loc": {
      "end": {
        "column": 18,
        "line": 1
      },
      "start": {
        "column": 17,
        "line": 1
      }
    },
    "range": [
      17,
      18
    ],
    "value": "}"
  }
]