{
  "type": "Program",
  "range": [
    0,
    4
  ],
  "body": [
    {
      "type": "ExpressionStatement",
      "expression": {
        "type": "Literal",
        "range": [
          0,
          2
        ],
        "bigint": "0",
        "raw": "0n",
        "value": "bigint:0",
        "loc": {
          "end": {
            "column": 2,
            "line": 1
          },
          "start": {
            "column": 0,
            "line": 1
          }
        }
      },
      "range": [
        0,
        3
      ],
      "loc": {
        "end": {
          "column": 3,
          "line": 1
        },
        "start": {
          "column": 0,
          "line": 1
        }
      }
    }
  ],
  "sourceType": "script",
  "loc": {
    "end": {
      "column": 0,
      "line": 2
    },
    "start": {
      "column": 0,
      "line": 1
    }
  }
}