[
  {
    "type": "Keyword",
    "loc": {
      "end": {
        "column": 8,
        "line": 3
      },
      "start": {
        "column": 0,
        "line": 3
      }
    },
    "range": [
      73,
      81
    ],
    "value": "function"
  },
  {
    "type": "Identifier",
    "loc": {
      "end": {
        "column": 37,
        "line": 3
      },
      "start": {
        "column": 9,
        "line": 3
      }
    },
    "range": [
      82,
      110
    ],
    "value": "processOptionalElementParens"
  },
  {
    "type": "Punctuator",
    "loc": {
      "end": {
        "column": 38,
        "line": 3
      },
      "start": {
        "column": 37,
        "line": 3
      }
    },
    "range": [
      110,
      111
    ],
    "value": "("
  },
  {
    "type": "Identifier",
    "loc": {
      "end": {
        "column": 41,
        "line": 3
      },
      "start": {
        "column": 38,
        "line": 3
      }
    },
    "range": [
      111,
      114
    ],
    "value": "one"
  },
  {
    "type": "Punctuator",
    "loc": {
      "end": {
        "column": 42,
        "line": 3
      },
      "start": {
        "column": 41,
        "line": 3
      }
    },
    "range": [
      114,
      115
    ],
    "value": "?"
  },
  {
    "type": "Punctuator",
    "loc": {
      "end": {
        "column": 43,
        "line": 3
      },
      "start": {
        "column": 42,
        "line": 3
      }
    },
    "range": [
      115,
      116
    ],
    "value": ":"
  },
  {
    "type": "Identifier",
    "loc": {
      "end": {
        "column": 47,
        "line": 3
      },
      "start": {
        "column": 44,
        "line": 3
      }
    },
    "range": [
      117,
      120
    ],
    "value": "any"
  },
  {
    "type": "Punctuator",
    "loc": {
      "end": {
        "column": 48,
        "line": 3
      },
      "start": {
        "column": 47,
        "line": 3
      }
    },
    "range": [
      120,
      121
    ],
    "value": ")"
  },
  {
    "type": "Punctuator",
    "loc": {
      "end": {
        "column": 50,
        "line": 3
      },
      "start": {
        "column": 49,
        "line": 3
      }
    },
    "range": [
      122,
      123
    ],
    "value": "{"
  },
  {
    "type": "Identifier",
    "loc": {
      "end": {
        "column": 5,
        "line": 4
      },
      "start": {
        "column": 2,
        "line": 4
      }
    },
    "range": [
      126,
      129
    ],
    "value": "one"
  },
  {
    "type": "Punctuator",
    "loc": {
      "end": {
        "column": 7,
        "line": 4
      },
      "start": {
        "column": 5,
        "line": 4
      }
    },
    "range": [
      129,
      131
    ],
    "value": "?."
  },
  {
    "type": "Punctuator",
    "loc": {
      "end": {
        "column": 8,
        "line": 4
      },
      "start": {
        "column": 7,
        "line": 4
      }
    },
    "range": [
      131,
      132
    ],
    "value": "["
  },
  {
    "type": "Numeric",
    "loc": {
      "end": {
        "column": 9,
        "line": 4
      },
      "start": {
        "column": 8,
        "line": 4
      }
    },
    "range": [
      132,
      133
    ],
    "value": "2"
  },
  {
    "type": "Punctuator",
    "loc": {
      "end": {
        "column": 10,
        "line": 4
      },
      "start": {
        "column": 9,
        "line": 4
      }
    },
    "range": [
      133,
      134
    ],
    "value": "]"
  },
  {
    "type": "Punctuator",
    "loc": {
      "end": {
        "column": 11,
        "line": 4
      },
      "start": {
        "column": 10,
        "line": 4
      }
    },
    "range": [
      134,
      135
    ],
    "value": ";"
  },
  {
    "type": "Punctuator",
    "loc": {
      "end": {
        "column": 3,
        "line": 5
      },
      "start": {
        "column": 2,
        "line": 5
      }
    },
    "range": [
      138,
      139
    ],
    "value": "("
  },
  {
    "type": "Identifier",
    "loc": {
      "end": {
        "column": 6,
        "line": 5
      },
      "start": {
        "column": 3,
        "line": 5
      }
    },
    "range": [
      139,
      142
    ],
    "value": "one"
  },
  {
    "type": "Punctuator",
    "loc": {
      "end": {
        "column": 8,
        "line": 5
      },
      "start": {
        "column": 6,
        "line": 5
      }
    },
    "range": [
      142,
      144
    ],
    "value": "?."
  },
  {
    "type": "Punctuator",
    "loc": {
      "end": {
        "column": 9,
        "line": 5
      },
      "start": {
        "column": 8,
        "line": 5
      }
    },
    "range": [
      144,
      145
    ],
    "value": "["
  },
  {
    "type": "Numeric",
    "loc": {
      "end": {
        "column": 10,
        "line": 5
      },
      "start": {
        "column": 9,
        "line": 5
      }
    },
    "range": [
      145,
      146
    ],
    "value": "2"
  },
  {
    "type": "Punctuator",
    "loc": {
      "end": {
        "column": 11,
        "line": 5
      },
      "start": {
        "column": 10,
        "line": 5
      }
    },
    "range": [
      146,
      147
    ],
    "value": "]"
  },
  {
    "type": "Punctuator",
    "loc": {
      "end": {
        "column": 12,
        "line": 5
      },
      "start": {
        "column": 11,
        "line": 5
      }
    },
    "range": [
      147,
      148
    ],
    "value": ")"
  },
  {
    "type": "Punctuator",
    "loc": {
      "end": {
        "column": 13,
        "line": 5
      },
      "start": {
        "column": 12,
        "line": 5
      }
    },
    "range": [
      148,
      149
    ],
    "value": "["
  },
  {
    "type": "Numeric",
    "loc": {
      "end": {
        "column": 14,
        "line": 5
      },
      "start": {
        "column": 13,
        "line": 5
      }
    },
    "range": [
      149,
      150
    ],
    "value": "3"
  },
  {
    "type": "Punctuator",
    "loc": {
      "end": {
        "column": 15,
        "line": 5
      },
      "start": {
        "column": 14,
        "line": 5
      }
    },
    "range": [
      150,
      151
    ],
    "value": "]"
  },
  {
    "type": "Punctuator",
    "loc": {
      "end": {
        "column": 16,
        "line": 5
      },
      "start": {
        "column": 15,
        "line": 5
      }
    },
    "range": [
      151,
      152
    ],
    "value": ";"
  },
  {
    "type": "Identifier",
    "loc": {
      "end": {
        "column": 5,
        "line": 6
      },
      "start": {
        "column": 2,
        "line": 6
      }
    },
    "range": [
      155,
      158
    ],
    "value": "one"
  },
  {
    "type": "Punctuator",
    "loc": {
      "end": {
        "column": 6,
        "line": 6
      },
      "start": {
        "column": 5,
        "line": 6
      }
    },
    "range": [
      158,
      159
    ],
    "value": "["
  },
  {
    "type": "Numeric",
    "loc": {
      "end": {
        "column": 7,
        "line": 6
      },
      "start": {
        "column": 6,
        "line": 6
      }
    },
    "range": [
      159,
      160
    ],
    "value": "2"
  },
  {
    "type": "Punctuator",
    "loc": {
      "end": {
        "column": 8,
        "line": 6
      },
      "start": {
        "column": 7,
        "line": 6
      }
    },
    "range": [
      160,
      161
    ],
    "value": "]"
  },
  {
    "type": "Punctuator",
    "loc": {
      "end": {
        "column": 10,
        "line": 6
      },
      "start": {
        "column": 8,
        "line": 6
      }
    },
    "range": [
      161,
      163
    ],
    "value": "?."
  },
  {
    "type": "Punctuator",
    "loc": {
      "end": {
        "column": 11,
        "line": 6
      },
      "start": {
        "column": 10,
        "line": 6
      }
    },
    "range": [
      163,
      164
    ],
    "value": "["
  },
  {
    "type": "Numeric",
    "loc": {
      "end": {
        "column": 12,
        "line": 6
      },
      "start": {
        "column": 11,
        "line": 6
      }
    },
    "range": [
      164,
      165
    ],
    "value": "3"
  },
  {
    "type": "Punctuator",
    "loc": {
      "end": {
        "column": 13,
        "line": 6
      },
      "start": {
        "column": 12,
        "line": 6
      }
    },
    "range": [
      165,
      166
    ],
    "value": "]"
  },
  {
    "type": "Punctuator",
    "loc": {
      "end": {
        "column": 14,
        "line": 6
      },
      "start": {
        "column": 13,
        "line": 6
      }
    },
    "range": [
      166,
      167
    ],
    "value": ";"
  },
  {
    "type": "Punctuator",
    "loc": {
      "end": {
        "column": 3,
        "line": 7
      },
      "start": {
        "column": 2,
        "line": 7
      }
    },
    "range": [
      170,
      171
    ],
    "value": "("
  },
  {
    "type": "Identifier",
    "loc": {
      "end": {
        "column": 6,
        "line": 7
      },
      "start": {
        "column": 3,
        "line": 7
      }
    },
    "range": [
      171,
      174
    ],
    "value": "one"
  },
  {
    "type": "Punctuator",
    "loc": {
      "end": {
        "column": 7,
        "line": 7
      },
      "start": {
        "column": 6,
        "line": 7
      }
    },
    "range": [
      174,
      175
    ],
    "value": "["
  },
  {
    "type": "Numeric",
    "loc": {
      "end": {
        "column": 8,
        "line": 7
      },
      "start": {
        "column": 7,
        "line": 7
      }
    },
    "range": [
      175,
      176
    ],
    "value": "2"
  },
  {
    "type": "Punctuator",
    "loc": {
      "end": {
        "column": 9,
        "line": 7
      },
      "start": {
        "column": 8,
        "line": 7
      }
    },
    "range": [
      176,
      177
    ],
    "value": "]"
  },
  {
    "type": "Punctuator",
    "loc": {
      "end": {
        "column": 11,
        "line": 7
      },
      "start": {
        "column": 9,
        "line": 7
      }
    },
    "range": [
      177,
      179
    ],
    "value": "?."
  },
  {
    "type": "Punctuator",
    "loc": {
      "end": {
        "column": 12,
        "line": 7
      },
      "start": {
        "column": 11,
        "line": 7
      }
    },
    "range": [
      179,
      180
    ],
    "value": "["
  },
  {
    "type": "Numeric",
    "loc": {
      "end": {
        "column": 13,
        "line": 7
      },
      "start": {
        "column": 12,
        "line": 7
      }
    },
    "range": [
      180,
      181
    ],
    "value": "3"
  },
  {
    "type": "Punctuator",
    "loc": {
      "end": {
        "column": 14,
        "line": 7
      },
      "start": {
        "column": 13,
        "line": 7
      }
    },
    "range": [
      181,
      182
    ],
    "value": "]"
  },
  {
    "type": "Punctuator",
    "loc": {
      "end": {
        "column": 15,
        "line": 7
      },
      "start": {
        "column": 14,
        "line": 7
      }
    },
    "range": [
      182,
      183
    ],
    "value": ")"
  },
  {
    "type": "Punctuator",
    "loc": {
      "end": {
        "column": 16,
        "line": 7
      },
      "start": {
        "column": 15,
        "line": 7
      }
    },
    "range": [
      183,
      184
    ],
    "value": "["
  },
  {
    "type": "Numeric",
    "loc": {
      "end": {
        "column": 17,
        "line": 7
      },
      "start": {
        "column": 16,
        "line": 7
      }
    },
    "range": [
      184,
      185
    ],
    "value": "4"
  },
  {
    "type": "Punctuator",
    "loc": {
      "end": {
        "column": 18,
        "line": 7
      },
      "start": {
        "column": 17,
        "line": 7
      }
    },
    "range": [
      185,
      186
    ],
    "value": "]"
  },
  {
    "type": "Punctuator",
    "loc": {
      "end": {
        "column": 19,
        "line": 7
      },
      "start": {
        "column": 18,
        "line": 7
      }
    },
    "range": [
      186,
      187
    ],
    "value": ";"
  },
  {
    "type": "Identifier",
    "loc": {
      "end": {
        "column": 5,
        "line": 8
      },
      "start": {
        "column": 2,
        "line": 8
      }
    },
    "range": [
      190,
      193
    ],
    "value": "one"
  },
  {
    "type": "Punctuator",
    "loc": {
      "end": {
        "column": 6,
        "line": 8
      },
      "start": {
        "column": 5,
        "line": 8
      }
    },
    "range": [
      193,
      194
    ],
    "value": "["
  },
  {
    "type": "Numeric",
    "loc": {
      "end": {
        "column": 7,
        "line": 8
      },
      "start": {
        "column": 6,
        "line": 8
      }
    },
    "range": [
      194,
      195
    ],
    "value": "2"
  },
  {
    "type": "Punctuator",
    "loc": {
      "end": {
        "column": 8,
        "line": 8
      },
      "start": {
        "column": 7,
        "line": 8
      }
    },
    "range": [
      195,
      196
    ],
    "value": "]"
  },
  {
    "type": "Punctuator",
    "loc": {
      "end": {
        "column": 10,
        "line": 8
      },
      "start": {
        "column": 8,
        "line": 8
      }
    },
    "range": [
      196,
      198
    ],
    "value": "?."
  },
  {
    "type": "Punctuator",
    "loc": {
      "end": {
        "column": 11,
        "line": 8
      },
      "start": {
        "column": 10,
        "line": 8
      }
    },
    "range": [
      198,
      199
    ],
    "value": "["
  },
  {
    "type": "Numeric",
    "loc": {
      "end": {
        "column": 12,
        "line": 8
      },
      "start": {
        "column": 11,
        "line": 8
      }
    },
    "range": [
      199,
      200
    ],
    "value": "3"
  },
  {
    "type": "Punctuator",
    "loc": {
      "end": {
        "column": 13,
        "line": 8
      },
      "start": {
        "column": 12,
        "line": 8
      }
    },
    "range": [
      200,
      201
    ],
    "value": "]"
  },
  {
    "type": "Punctuator",
    "loc": {
      "end": {
        "column": 15,
        "line": 8
      },
      "start": {
        "column": 13,
        "line": 8
      }
    },
    "range": [
      201,
      203
    ],
    "value": "?."
  },
  {
    "type": "Punctuator",
    "loc": {
      "end": {
        "column": 16,
        "line": 8
      },
      "start": {
        "column": 15,
        "line": 8
      }
    },
    "range": [
      203,
      204
    ],
    "value": "["
  },
  {
    "type": "Numeric",
    "loc": {
      "end": {
        "column": 17,
        "line": 8
      },
      "start": {
        "column": 16,
        "line": 8
      }
    },
    "range": [
      204,
      205
    ],
    "value": "4"
  },
  {
    "type": "Punctuator",
    "loc": {
      "end": {
        "column": 18,
        "line": 8
      },
      "start": {
        "column": 17,
        "line": 8
      }
    },
    "range": [
      205,
      206
    ],
    "value": "]"
  },
  {
    "type": "Punctuator",
    "loc": {
      "end": {
        "column": 19,
        "line": 8
      },
      "start": {
        "column": 18,
        "line": 8
      }
    },
    "range": [
      206,
      207
    ],
    "value": ";"
  },
  {
    "type": "Punctuator",
    "loc": {
      "end": {
        "column": 3,
        "line": 9
      },
      "start": {
        "column": 2,
        "line": 9
      }
    },
    "range": [
      210,
      211
    ],
    "value": "("
  },
  {
    "type": "Identifier",
    "loc": {
      "end": {
        "column": 6,
        "line": 9
      },
      "start": {
        "column": 3,
        "line": 9
      }
    },
    "range": [
      211,
      214
    ],
    "value": "one"
  },
  {
    "type": "Punctuator",
    "loc": {
      "end": {
        "column": 7,
        "line": 9
      },
      "start": {
        "column": 6,
        "line": 9
      }
    },
    "range": [
      214,
      215
    ],
    "value": "["
  },
  {
    "type": "Numeric",
    "loc": {
      "end": {
        "column": 8,
        "line": 9
      },
      "start": {
        "column": 7,
        "line": 9
      }
    },
    "range": [
      215,
      216
    ],
    "value": "2"
  },
  {
    "type": "Punctuator",
    "loc": {
      "end": {
        "column": 9,
        "line": 9
      },
      "start": {
        "column": 8,
        "line": 9
      }
    },
    "range": [
      216,
      217
    ],
    "value": "]"
  },
  {
    "type": "Punctuator",
    "loc": {
      "end": {
        "column": 11,
        "line": 9
      },
      "start": {
        "column": 9,
        "line": 9
      }
    },
    "range": [
      217,
      219
    ],
    "value": "?."
  },
  {
    "type": "Punctuator",
    "loc": {
      "end": {
        "column": 12,
        "line": 9
      },
      "start": {
        "column": 11,
        "line": 9
      }
    },
    "range": [
      219,
      220
    ],
    "value": "["
  },
  {
    "type": "Numeric",
    "loc": {
      "end": {
        "column": 13,
        "line": 9
      },
      "start": {
        "column": 12,
        "line": 9
      }
    },
    "range": [
      220,
      221
    ],
    "value": "3"
  },
  {
    "type": "Punctuator",
    "loc": {
      "end": {
        "column": 14,
        "line": 9
      },
      "start": {
        "column": 13,
        "line": 9
      }
    },
    "range": [
      221,
      222
    ],
    "value": "]"
  },
  {
    "type": "Punctuator",
    "loc": {
      "end": {
        "column": 16,
        "line": 9
      },
      "start": {
        "column": 14,
        "line": 9
      }
    },
    "range": [
      222,
      224
    ],
    "value": "?."
  },
  {
    "type": "Punctuator",
    "loc": {
      "end": {
        "column": 17,
        "line": 9
      },
      "start": {
        "column": 16,
        "line": 9
      }
    },
    "range": [
      224,
      225
    ],
    "value": "["
  },
  {
    "type": "Numeric",
    "loc": {
      "end": {
        "column": 18,
        "line": 9
      },
      "start": {
        "column": 17,
        "line": 9
      }
    },
    "range": [
      225,
      226
    ],
    "value": "4"
  },
  {
    "type": "Punctuator",
    "loc": {
      "end": {
        "column": 19,
        "line": 9
      },
      "start": {
        "column": 18,
        "line": 9
      }
    },
    "range": [
      226,
      227
    ],
    "value": "]"
  },
  {
    "type": "Punctuator",
    "loc": {
      "end": {
        "column": 20,
        "line": 9
      },
      "start": {
        "column": 19,
        "line": 9
      }
    },
    "range": [
      227,
      228
    ],
    "value": ")"
  },
  {
    "type": "Punctuator",
    "loc": {
      "end": {
        "column": 21,
        "line": 9
      },
      "start": {
        "column": 20,
        "line": 9
      }
    },
    "range": [
      228,
      229
    ],
    "value": "["
  },
  {
    "type": "Numeric",
    "loc": {
      "end": {
        "column": 22,
        "line": 9
      },
      "start": {
        "column": 21,
        "line": 9
      }
    },
    "range": [
      229,
      230
    ],
    "value": "5"
  },
  {
    "type": "Punctuator",
    "loc": {
      "end": {
        "column": 23,
        "line": 9
      },
      "start": {
        "column": 22,
        "line": 9
      }
    },
    "range": [
      230,
      231
    ],
    "value": "]"
  },
  {
    "type": "Punctuator",
    "loc": {
      "end": {
        "column": 24,
        "line": 9
      },
      "start": {
        "column": 23,
        "line": 9
      }
    },
    "range": [
      231,
      232
    ],
    "value": ";"
  },
  {
    "type": "Punctuator",
    "loc": {
      "end": {
        "column": 1,
        "line": 10
      },
      "start": {
        "column": 0,
        "line": 10
      }
    },
    "range": [
      233,
      234
    ],
    "value": "}"
  }
]