{
  "type": "Program",
  "range": [
    0,
    24
  ],
  "body": [
    {
      "type": "ClassDeclaration",
      "abstract": false,
      "body": {
        "type": "ClassBody",
        "range": [
          21,
          23
        ],
        "body": [],
        "loc": {
          "end": {
            "column": 12,
            "line": 2
          },
          "start": {
            "column": 10,
            "line": 2
          }
        }
      },
      "declare": false,
      "decorators": [
        {
          "type": "Decorator",
          "expression": {
            "type": "Identifier",
            "decorators": [],
            "name": "decorator",
            "optional": false,
            "range": [
              1,
              10
            ],
            "loc": {
              "end": {
                "column": 10,
                "line": 1
              },
              "start": {
                "column": 1,
                "line": 1
              }
            }
          },
          "range": [
            0,
            10
          ],
          "loc": {
            "end": {
              "column": 10,
              "line": 1
            },
            "start": {
              "column": 0,
              "line": 1
            }
          }
        }
      ],
      "id": {
        "type": "Identifier",
        "decorators": [],
        "name": "Foo",
        "optional": false,
        "range": [
          17,
          20
        ],
        "loc": {
          "end": {
            "column": 9,
            "line": 2
          },
          "start": {
            "column": 6,
            "line": 2
          }
        }
      },
      "implements": [],
      "superClass": null,
      "range": [
        0,
        23
      ],
      "loc": {
        "end": {
          "column": 12,
          "line": 2
        },
        "start": {
          "column": 0,
          "line": 1
        }
      }
    }
  ],
  "sourceType": "script",
  "loc": {
    "end": {
      "column": 0,
      "line": 3
    },
    "start": {
      "column": 0,
      "line": 1
    }
  }
}