[
  {
    "type": "Identifier",
    "loc": {
      "end": {
        "column": 3,
        "line": 1
      },
      "start": {
        "column": 0,
        "line": 1
      }
    },
    "range": [
      0,
      3
    ],
    "value": "foo"
  },
  {
    "type": "Punctuator",
    "loc": {
      "end": {
        "column": 7,
        "line": 1
      },
      "start": {
        "column": 4,
        "line": 1
      }
    },
    "range": [
      4,
      7
    ],
    "value": "==="
  },
  {
    "type": "Punctuator",
    "loc": {
      "end": {
        "column": 9,
        "line": 1
      },
      "start": {
        "column": 8,
        "line": 1
      }
    },
    "range": [
      8,
      9
    ],
    "value": "("
  },
  {
    "type": "Numeric",
    "loc": {
      "end": {
        "column": 10,
        "line": 1
      },
      "start": {
        "column": 9,
        "line": 1
      }
    },
    "range": [
      9,
      10
    ],
    "value": "1"
  },
  {
    "type": "Identifier",
    "loc": {
      "end": {
        "column": 20,
        "line": 1
      },
      "start": {
        "column": 11,
        "line": 1
      }
    },
    "range": [
      11,
      20
    ],
    "value": "satisfies"
  },
  {
    "type": "Identifier",
    "loc": {
      "end": {
        "column": 27,
        "line": 1
      },
      "start": {
        "column": 21,
        "line": 1
      }
    },
    "range": [
      21,
      27
    ],
    "value": "number"
  },
  {
    "type": "Punctuator",
    "loc": {
      "end": {
        "column": 28,
        "line": 1
      },
      "start": {
        "column": 27,
        "line": 1
      }
    },
    "range": [
      27,
      28
    ],
    "value": ")"
  },
  {
    "type": "Punctuator",
    "loc": {
      "end": {
        "column": 29,
        "line": 1
      },
      "start": {
        "column": 28,
        "line": 1
      }
    },
    "range": [
      28,
      29
    ],
    "value": ";"
  }
]