[
  {
    "type": "Keyword",
    "loc": {
      "end": {
        "column": 5,
        "line": 1
      },
      "start": {
        "column": 0,
        "line": 1
      }
    },
    "range": [
      0,
      5
    ],
    "value": "class"
  },
  {
    "type": "Identifier",
    "loc": {
      "end": {
        "column": 7,
        "line": 1
      },
      "start": {
        "column": 6,
        "line": 1
      }
    },
    "range": [
      6,
      7
    ],
    "value": "A"
  },
  {
    "type": "Punctuator",
    "loc": {
      "end": {
        "column": 9,
        "line": 1
      },
      "start": {
        "column": 8,
        "line": 1
      }
    },
    "range": [
      8,
      9
    ],
    "value": "{"
  },
  {
    "type": "Identifier",
    "loc": {
      "end": {
        "column": 11,
        "line": 1
      },
      "start": {
        "column": 10,
        "line": 1
      }
    },
    "range": [
      10,
      11
    ],
    "value": "a"
  },
  {
    "type": "Punctuator",
    "loc": {
      "end": {
        "column": 12,
        "line": 1
      },
      "start": {
        "column": 11,
        "line": 1
      }
    },
    "range": [
      11,
      12
    ],
    "value": ";"
  },
  {
    "type": "Keyword",
    "loc": {
      "end": {
        "column": 18,
        "line": 1
      },
      "start": {
        "column": 12,
        "line": 1
      }
    },
    "range": [
      12,
      18
    ],
    "value": "static"
  },
  {
    "type": "PrivateIdentifier",
    "loc": {
      "end": {
        "column": 20,
        "line": 1
      },
      "start": {
        "column": 18,
        "line": 1
      }
    },
    "range": [
      18,
      20
    ],
    "value": "b"
  },
  {
    "type": "Punctuator",
    "loc": {
      "end": {
        "column": 21,
        "line": 1
      },
      "start": {
        "column": 20,
        "line": 1
      }
    },
    "range": [
      20,
      21
    ],
    "value": ";"
  },
  {
    "type": "Punctuator",
    "loc": {
      "end": {
        "column": 23,
        "line": 1
      },
      "start": {
        "column": 22,
        "line": 1
      }
    },
    "range": [
      22,
      23
    ],
    "value": "}"
  }
]