[
  {
    "type": "Identifier",
    "loc": {
      "end": {
        "column": 4,
        "line": 3
      },
      "start": {
        "column": 0,
        "line": 3
      }
    },
    "range": [
      73,
      77
    ],
    "value": "type"
  },
  {
    "type": "Identifier",
    "loc": {
      "end": {
        "column": 8,
        "line": 3
      },
      "start": {
        "column": 5,
        "line": 3
      }
    },
    "range": [
      78,
      81
    ],
    "value": "foo"
  },
  {
    "type": "Punctuator",
    "loc": {
      "end": {
        "column": 10,
        "line": 3
      },
      "start": {
        "column": 9,
        "line": 3
      }
    },
    "range": [
      82,
      83
    ],
    "value": "="
  },
  {
    "type": "Punctuator",
    "loc": {
      "end": {
        "column": 12,
        "line": 3
      },
      "start": {
        "column": 11,
        "line": 3
      }
    },
    "range": [
      84,
      85
    ],
    "value": "{"
  },
  {
    "type": "Punctuator",
    "loc": {
      "end": {
        "column": 3,
        "line": 4
      },
      "start": {
        "column": 2,
        "line": 4
      }
    },
    "range": [
      88,
      89
    ],
    "value": "["
  },
  {
    "type": "Identifier",
    "loc": {
      "end": {
        "column": 4,
        "line": 4
      },
      "start": {
        "column": 3,
        "line": 4
      }
    },
    "range": [
      89,
      90
    ],
    "value": "a"
  },
  {
    "type": "Punctuator",
    "loc": {
      "end": {
        "column": 5,
        "line": 4
      },
      "start": {
        "column": 4,
        "line": 4
      }
    },
    "range": [
      90,
      91
    ],
    "value": ":"
  },
  {
    "type": "Identifier",
    "loc": {
      "end": {
        "column": 12,
        "line": 4
      },
      "start": {
        "column": 6,
        "line": 4
      }
    },
    "range": [
      92,
      98
    ],
    "value": "string"
  },
  {
    "type": "Punctuator",
    "loc": {
      "end": {
        "column": 13,
        "line": 4
      },
      "start": {
        "column": 12,
        "line": 4
      }
    },
    "range": [
      98,
      99
    ],
    "value": "]"
  },
  {
    "type": "Punctuator",
    "loc": {
      "end": {
        "column": 14,
        "line": 4
      },
      "start": {
        "column": 13,
        "line": 4
      }
    },
    "range": [
      99,
      100
    ],
    "value": ":"
  },
  {
    "type": "Identifier",
    "loc": {
      "end": {
        "column": 21,
        "line": 4
      },
      "start": {
        "column": 15,
        "line": 4
      }
    },
    "range": [
      101,
      107
    ],
    "value": "string"
  },
  {
    "type": "Punctuator",
    "loc": {
      "end": {
        "column": 22,
        "line": 4
      },
      "start": {
        "column": 21,
        "line": 4
      }
    },
    "range": [
      107,
      108
    ],
    "value": ";"
  },
  {
    "type": "Punctuator",
    "loc": {
      "end": {
        "column": 1,
        "line": 5
      },
      "start": {
        "column": 0,
        "line": 5
      }
    },
    "range": [
      109,
      110
    ],
    "value": "}"
  },
  {
    "type": "Punctuator",
    "loc": {
      "end": {
        "column": 2,
        "line": 5
      },
      "start": {
        "column": 1,
        "line": 5
      }
    },
    "range": [
      110,
      111
    ],
    "value": ";"
  }
]