[
  {
    "type": "Keyword",
    "loc": {
      "end": {
        "column": 5,
        "line": 1
      },
      "start": {
        "column": 0,
        "line": 1
      }
    },
    "range": [
      0,
      5
    ],
    "value": "class"
  },
  {
    "type": "Identifier",
    "loc": {
      "end": {
        "column": 9,
        "line": 1
      },
      "start": {
        "column": 6,
        "line": 1
      }
    },
    "range": [
      6,
      9
    ],
    "value": "Foo"
  },
  {
    "type": "Punctuator",
    "loc": {
      "end": {
        "column": 11,
        "line": 1
      },
      "start": {
        "column": 10,
        "line": 1
      }
    },
    "range": [
      10,
      11
    ],
    "value": "{"
  },
  {
    "type": "Identifier",
    "loc": {
      "end": {
        "column": 10,
        "line": 2
      },
      "start": {
        "column": 2,
        "line": 2
      }
    },
    "range": [
      14,
      22
    ],
    "value": "accessor"
  },
  {
    "type": "PrivateIdentifier",
    "loc": {
      "end": {
        "column": 15,
        "line": 2
      },
      "start": {
        "column": 11,
        "line": 2
      }
    },
    "range": [
      23,
      27
    ],
    "value": "foo"
  },
  {
    "type": "Punctuator",
    "loc": {
      "end": {
        "column": 17,
        "line": 2
      },
      "start": {
        "column": 16,
        "line": 2
      }
    },
    "range": [
      28,
      29
    ],
    "value": "="
  },
  {
    "type": "Numeric",
    "loc": {
      "end": {
        "column": 19,
        "line": 2
      },
      "start": {
        "column": 18,
        "line": 2
      }
    },
    "range": [
      30,
      31
    ],
    "value": "2"
  },
  {
    "type": "Punctuator",
    "loc": {
      "end": {
        "column": 20,
        "line": 2
      },
      "start": {
        "column": 19,
        "line": 2
      }
    },
    "range": [
      31,
      32
    ],
    "value": ";"
  },
  {
    "type": "Punctuator",
    "loc": {
      "end": {
        "column": 1,
        "line": 3
      },
      "start": {
        "column": 0,
        "line": 3
      }
    },
    "range": [
      33,
      34
    ],
    "value": "}"
  }
]